Archive member included to satisfy reference by file (symbol)

e:/st/stm32cubeide_1.5.1/stm32cubeide/plugins/com.st.stm32cube.ide.mcu.externaltools.gnu-tools-for-stm32.7-2018-q2-update.win32_1.5.0.202011040924/tools/bin/../lib/gcc/arm-none-eabi/7.3.1/../../../../arm-none-eabi/lib/thumb/v7e-m/fpv4-sp/hard\libc_nano.a(lib_a-errno.o)
                              Core/Src/syscalls.o (__errno)
e:/st/stm32cubeide_1.5.1/stm32cubeide/plugins/com.st.stm32cube.ide.mcu.externaltools.gnu-tools-for-stm32.7-2018-q2-update.win32_1.5.0.202011040924/tools/bin/../lib/gcc/arm-none-eabi/7.3.1/../../../../arm-none-eabi/lib/thumb/v7e-m/fpv4-sp/hard\libc_nano.a(lib_a-exit.o)
                              e:/st/stm32cubeide_1.5.1/stm32cubeide/plugins/com.st.stm32cube.ide.mcu.externaltools.gnu-tools-for-stm32.7-2018-q2-update.win32_1.5.0.202011040924/tools/bin/../lib/gcc/arm-none-eabi/7.3.1/../../../../arm-none-eabi/lib/thumb/v7e-m/fpv4-sp/hard/crt0.o (exit)
e:/st/stm32cubeide_1.5.1/stm32cubeide/plugins/com.st.stm32cube.ide.mcu.externaltools.gnu-tools-for-stm32.7-2018-q2-update.win32_1.5.0.202011040924/tools/bin/../lib/gcc/arm-none-eabi/7.3.1/../../../../arm-none-eabi/lib/thumb/v7e-m/fpv4-sp/hard\libc_nano.a(lib_a-impure.o)
                              e:/st/stm32cubeide_1.5.1/stm32cubeide/plugins/com.st.stm32cube.ide.mcu.externaltools.gnu-tools-for-stm32.7-2018-q2-update.win32_1.5.0.202011040924/tools/bin/../lib/gcc/arm-none-eabi/7.3.1/../../../../arm-none-eabi/lib/thumb/v7e-m/fpv4-sp/hard\libc_nano.a(lib_a-exit.o) (_global_impure_ptr)
e:/st/stm32cubeide_1.5.1/stm32cubeide/plugins/com.st.stm32cube.ide.mcu.externaltools.gnu-tools-for-stm32.7-2018-q2-update.win32_1.5.0.202011040924/tools/bin/../lib/gcc/arm-none-eabi/7.3.1/../../../../arm-none-eabi/lib/thumb/v7e-m/fpv4-sp/hard\libc_nano.a(lib_a-init.o)
                              e:/st/stm32cubeide_1.5.1/stm32cubeide/plugins/com.st.stm32cube.ide.mcu.externaltools.gnu-tools-for-stm32.7-2018-q2-update.win32_1.5.0.202011040924/tools/bin/../lib/gcc/arm-none-eabi/7.3.1/../../../../arm-none-eabi/lib/thumb/v7e-m/fpv4-sp/hard/crt0.o (__libc_init_array)
e:/st/stm32cubeide_1.5.1/stm32cubeide/plugins/com.st.stm32cube.ide.mcu.externaltools.gnu-tools-for-stm32.7-2018-q2-update.win32_1.5.0.202011040924/tools/bin/../lib/gcc/arm-none-eabi/7.3.1/../../../../arm-none-eabi/lib/thumb/v7e-m/fpv4-sp/hard\libc_nano.a(lib_a-memcmp.o)
                              Core/BFFT/Source/BFFT_CAN.o (memcmp)
e:/st/stm32cubeide_1.5.1/stm32cubeide/plugins/com.st.stm32cube.ide.mcu.externaltools.gnu-tools-for-stm32.7-2018-q2-update.win32_1.5.0.202011040924/tools/bin/../lib/gcc/arm-none-eabi/7.3.1/../../../../arm-none-eabi/lib/thumb/v7e-m/fpv4-sp/hard\libc_nano.a(lib_a-memcpy-stub.o)
                              Middlewares/Third_Party/FreeRTOS/Source/CMSIS_RTOS_V2/cmsis_os2.o (memcpy)
e:/st/stm32cubeide_1.5.1/stm32cubeide/plugins/com.st.stm32cube.ide.mcu.externaltools.gnu-tools-for-stm32.7-2018-q2-update.win32_1.5.0.202011040924/tools/bin/../lib/gcc/arm-none-eabi/7.3.1/../../../../arm-none-eabi/lib/thumb/v7e-m/fpv4-sp/hard\libc_nano.a(lib_a-memset.o)
                              e:/st/stm32cubeide_1.5.1/stm32cubeide/plugins/com.st.stm32cube.ide.mcu.externaltools.gnu-tools-for-stm32.7-2018-q2-update.win32_1.5.0.202011040924/tools/bin/../lib/gcc/arm-none-eabi/7.3.1/../../../../arm-none-eabi/lib/thumb/v7e-m/fpv4-sp/hard/crt0.o (memset)
e:/st/stm32cubeide_1.5.1/stm32cubeide/plugins/com.st.stm32cube.ide.mcu.externaltools.gnu-tools-for-stm32.7-2018-q2-update.win32_1.5.0.202011040924/tools/bin/../lib/gcc/arm-none-eabi/7.3.1/thumb/v7e-m/fpv4-sp/hard\libgcc.a(_aeabi_uldivmod.o)
                              Drivers/STM32F4xx_HAL_Driver/Src/stm32f4xx_hal_rcc.o (__aeabi_uldivmod)
e:/st/stm32cubeide_1.5.1/stm32cubeide/plugins/com.st.stm32cube.ide.mcu.externaltools.gnu-tools-for-stm32.7-2018-q2-update.win32_1.5.0.202011040924/tools/bin/../lib/gcc/arm-none-eabi/7.3.1/thumb/v7e-m/fpv4-sp/hard\libgcc.a(_udivmoddi4.o)
                              e:/st/stm32cubeide_1.5.1/stm32cubeide/plugins/com.st.stm32cube.ide.mcu.externaltools.gnu-tools-for-stm32.7-2018-q2-update.win32_1.5.0.202011040924/tools/bin/../lib/gcc/arm-none-eabi/7.3.1/thumb/v7e-m/fpv4-sp/hard\libgcc.a(_aeabi_uldivmod.o) (__udivmoddi4)
e:/st/stm32cubeide_1.5.1/stm32cubeide/plugins/com.st.stm32cube.ide.mcu.externaltools.gnu-tools-for-stm32.7-2018-q2-update.win32_1.5.0.202011040924/tools/bin/../lib/gcc/arm-none-eabi/7.3.1/thumb/v7e-m/fpv4-sp/hard\libgcc.a(_dvmd_tls.o)
                              e:/st/stm32cubeide_1.5.1/stm32cubeide/plugins/com.st.stm32cube.ide.mcu.externaltools.gnu-tools-for-stm32.7-2018-q2-update.win32_1.5.0.202011040924/tools/bin/../lib/gcc/arm-none-eabi/7.3.1/thumb/v7e-m/fpv4-sp/hard\libgcc.a(_aeabi_uldivmod.o) (__aeabi_ldiv0)

Allocating common symbols
Common symbol       size              file

ThreadCANSendMeHandle
                    0x4               Core/Src/freertos.o
defaultTaskHandle   0x4               Core/Src/freertos.o
[...]
Memory Configuration

Name             Origin             Length             Attributes
CCMRAM           0x0000000010000000 0x0000000000010000 xrw
RAM              0x0000000020000000 0x0000000000030000 xrw
FLASH            0x0000000008000000 0x0000000000200000 xr
*default*        0x0000000000000000 0xffffffffffffffff

Linker script and memory map

LOAD e:/st/stm32cubeide_1.5.1/stm32cubeide/plugins/com.st.stm32cube.ide.mcu.externaltools.gnu-tools-for-stm32.7-2018-q2-update.win32_1.5.0.202011040924/tools/bin/../lib/gcc/arm-none-eabi/7.3.1/thumb/v7e-m/fpv4-sp/hard/crti.o
LOAD e:/st/stm32cubeide_1.5.1/stm32cubeide/plugins/com.st.stm32cube.ide.mcu.externaltools.gnu-tools-for-stm32.7-2018-q2-update.win32_1.5.0.202011040924/tools/bin/../lib/gcc/arm-none-eabi/7.3.1/thumb/v7e-m/fpv4-sp/hard/crtbegin.o
LOAD e:/st/stm32cubeide_1.5.1/stm32cubeide/plugins/com.st.stm32cube.ide.mcu.externaltools.gnu-tools-for-stm32.7-2018-q2-update.win32_1.5.0.202011040924/tools/bin/../lib/gcc/arm-none-eabi/7.3.1/../../../../arm-none-eabi/lib/thumb/v7e-m/fpv4-sp/hard/crt0.o
LOAD Core/BFFT/Source/BFFT_CAN.o
LOAD Core/BFFT/Source/BFFT_SystemStatusLED.o
LOAD Core/Src/can.o
LOAD Core/Src/freertos.o
LOAD Core/Src/gpio.o
LOAD Core/Src/main.o
LOAD Core/Src/stm32f4xx_hal_msp.o
LOAD Core/Src/stm32f4xx_hal_timebase_tim.o
LOAD Core/Src/stm32f4xx_it.o
LOAD Core/Src/syscalls.o
LOAD Core/Src/sysmem.o
LOAD Core/Src/system_stm32f4xx.o
LOAD Core/Startup/startup_stm32f429zitx.o
LOAD Drivers/STM32F4xx_HAL_Driver/Src/stm32f4xx_hal.o
LOAD Drivers/STM32F4xx_HAL_Driver/Src/stm32f4xx_hal_can.o
LOAD Drivers/STM32F4xx_HAL_Driver/Src/stm32f4xx_hal_cortex.o
LOAD Drivers/STM32F4xx_HAL_Driver/Src/stm32f4xx_hal_dma.o
LOAD Drivers/STM32F4xx_HAL_Driver/Src/stm32f4xx_hal_dma_ex.o
LOAD Drivers/STM32F4xx_HAL_Driver/Src/stm32f4xx_hal_exti.o
LOAD Drivers/STM32F4xx_HAL_Driver/Src/stm32f4xx_hal_flash.o
LOAD Drivers/STM32F4xx_HAL_Driver/Src/stm32f4xx_hal_flash_ex.o
LOAD Drivers/STM32F4xx_HAL_Driver/Src/stm32f4xx_hal_flash_ramfunc.o
LOAD Drivers/STM32F4xx_HAL_Driver/Src/stm32f4xx_hal_gpio.o
LOAD Drivers/STM32F4xx_HAL_Driver/Src/stm32f4xx_hal_pwr.o
LOAD Drivers/STM32F4xx_HAL_Driver/Src/stm32f4xx_hal_pwr_ex.o
LOAD Drivers/STM32F4xx_HAL_Driver/Src/stm32f4xx_hal_rcc.o
LOAD Drivers/STM32F4xx_HAL_Driver/Src/stm32f4xx_hal_rcc_ex.o
LOAD Drivers/STM32F4xx_HAL_Driver/Src/stm32f4xx_hal_tim.o
LOAD Drivers/STM32F4xx_HAL_Driver/Src/stm32f4xx_hal_tim_ex.o
LOAD Middlewares/Third_Party/FreeRTOS/Source/CMSIS_RTOS_V2/cmsis_os2.o
LOAD Middlewares/Third_Party/FreeRTOS/Source/croutine.o
LOAD Middlewares/Third_Party/FreeRTOS/Source/event_groups.o
LOAD Middlewares/Third_Party/FreeRTOS/Source/list.o
LOAD Middlewares/Third_Party/FreeRTOS/Source/queue.o
LOAD Middlewares/Third_Party/FreeRTOS/Source/stream_buffer.o
LOAD Middlewares/Third_Party/FreeRTOS/Source/tasks.o
LOAD Middlewares/Third_Party/FreeRTOS/Source/timers.o
LOAD Middlewares/Third_Party/FreeRTOS/Source/portable/GCC/ARM_CM4F/port.o
LOAD Middlewares/Third_Party/FreeRTOS/Source/portable/MemMang/heap_4.o
START GROUP
LOAD e:/st/stm32cubeide_1.5.1/stm32cubeide/plugins/com.st.stm32cube.ide.mcu.externaltools.gnu-tools-for-stm32.7-2018-q2-update.win32_1.5.0.202011040924/tools/bin/../lib/gcc/arm-none-eabi/7.3.1/../../../../arm-none-eabi/lib/thumb/v7e-m/fpv4-sp/hard\libc_nano.a
LOAD e:/st/stm32cubeide_1.5.1/stm32cubeide/plugins/com.st.stm32cube.ide.mcu.externaltools.gnu-tools-for-stm32.7-2018-q2-update.win32_1.5.0.202011040924/tools/bin/../lib/gcc/arm-none-eabi/7.3.1/../../../../arm-none-eabi/lib/thumb/v7e-m/fpv4-sp/hard\libm.a
END GROUP
START GROUP
LOAD e:/st/stm32cubeide_1.5.1/stm32cubeide/plugins/com.st.stm32cube.ide.mcu.externaltools.gnu-tools-for-stm32.7-2018-q2-update.win32_1.5.0.202011040924/tools/bin/../lib/gcc/arm-none-eabi/7.3.1/thumb/v7e-m/fpv4-sp/hard\libgcc.a
LOAD e:/st/stm32cubeide_1.5.1/stm32cubeide/plugins/com.st.stm32cube.ide.mcu.externaltools.gnu-tools-for-stm32.7-2018-q2-update.win32_1.5.0.202011040924/tools/bin/../lib/gcc/arm-none-eabi/7.3.1/../../../../arm-none-eabi/lib/thumb/v7e-m/fpv4-sp/hard\libc_nano.a
END GROUP
START GROUP
LOAD e:/st/stm32cubeide_1.5.1/stm32cubeide/plugins/com.st.stm32cube.ide.mcu.externaltools.gnu-tools-for-stm32.7-2018-q2-update.win32_1.5.0.202011040924/tools/bin/../lib/gcc/arm-none-eabi/7.3.1/thumb/v7e-m/fpv4-sp/hard\libgcc.a
LOAD e:/st/stm32cubeide_1.5.1/stm32cubeide/plugins/com.st.stm32cube.ide.mcu.externaltools.gnu-tools-for-stm32.7-2018-q2-update.win32_1.5.0.202011040924/tools/bin/../lib/gcc/arm-none-eabi/7.3.1/../../../../arm-none-eabi/lib/thumb/v7e-m/fpv4-sp/hard\libc_nano.a
LOAD e:/st/stm32cubeide_1.5.1/stm32cubeide/plugins/com.st.stm32cube.ide.mcu.externaltools.gnu-tools-for-stm32.7-2018-q2-update.win32_1.5.0.202011040924/tools/bin/../lib/gcc/arm-none-eabi/7.3.1/../../../../arm-none-eabi/lib/thumb/v7e-m/fpv4-sp/hard\libnosys.a
END GROUP
START GROUP
LOAD e:/st/stm32cubeide_1.5.1/stm32cubeide/plugins/com.st.stm32cube.ide.mcu.externaltools.gnu-tools-for-stm32.7-2018-q2-update.win32_1.5.0.202011040924/tools/bin/../lib/gcc/arm-none-eabi/7.3.1/thumb/v7e-m/fpv4-sp/hard\libgcc.a
LOAD e:/st/stm32cubeide_1.5.1/stm32cubeide/plugins/com.st.stm32cube.ide.mcu.externaltools.gnu-tools-for-stm32.7-2018-q2-update.win32_1.5.0.202011040924/tools/bin/../lib/gcc/arm-none-eabi/7.3.1/../../../../arm-none-eabi/lib/thumb/v7e-m/fpv4-sp/hard\libc_nano.a
LOAD e:/st/stm32cubeide_1.5.1/stm32cubeide/plugins/com.st.stm32cube.ide.mcu.externaltools.gnu-tools-for-stm32.7-2018-q2-update.win32_1.5.0.202011040924/tools/bin/../lib/gcc/arm-none-eabi/7.3.1/../../../../arm-none-eabi/lib/thumb/v7e-m/fpv4-sp/hard\libnosys.a
END GROUP
LOAD e:/st/stm32cubeide_1.5.1/stm32cubeide/plugins/com.st.stm32cube.ide.mcu.externaltools.gnu-tools-for-stm32.7-2018-q2-update.win32_1.5.0.202011040924/tools/bin/../lib/gcc/arm-none-eabi/7.3.1/thumb/v7e-m/fpv4-sp/hard/crtend.o
LOAD e:/st/stm32cubeide_1.5.1/stm32cubeide/plugins/com.st.stm32cube.ide.mcu.externaltools.gnu-tools-for-stm32.7-2018-q2-update.win32_1.5.0.202011040924/tools/bin/../lib/gcc/arm-none-eabi/7.3.1/thumb/v7e-m/fpv4-sp/hard/crtn.o
                0x0000000020030000                _estack = (ORIGIN (RAM) + LENGTH (RAM))
                0x0000000000000000                _Min_Heap_Size = 0x0
                0x0000000000000400                _Min_Stack_Size = 0x400

.isr_vector     0x0000000008000000      0x1ac
                0x0000000008000000                . = ALIGN (0x4)
 *(.isr_vector)
 .isr_vector    0x0000000008000000      0x1ac Core/Startup/startup_stm32f429zitx.o
                0x0000000008000000                g_pfnVectors
                0x00000000080001ac                . = ALIGN (0x4)

.text           0x00000000080001b0     0x57b0
                0x00000000080001b0                . = ALIGN (0x4)
 *(.text)
 .text          0x00000000080001b0       0x40 e:/st/stm32cubeide_1.5.1/stm32cubeide/plugins/com.st.stm32cube.ide.mcu.externaltools.gnu-tools-for-stm32.7-2018-q2-update.win32_1.5.0.202011040924/tools/bin/../lib/gcc/arm-none-eabi/7.3.1/thumb/v7e-m/fpv4-sp/hard/crtbegin.o
 .text          0x00000000080001f0       0x30 e:/st/stm32cubeide_1.5.1/stm32cubeide/plugins/com.st.stm32cube.ide.mcu.externaltools.gnu-tools-for-stm32.7-2018-q2-update.win32_1.5.0.202011040924/tools/bin/../lib/gcc/arm-none-eabi/7.3.1/thumb/v7e-m/fpv4-sp/hard\libgcc.a(_aeabi_uldivmod.o)
                0x00000000080001f0                __aeabi_uldivmod
 .text          0x0000000008000220      0x2cc e:/st/stm32cubeide_1.5.1/stm32cubeide/plugins/com.st.stm32cube.ide.mcu.externaltools.gnu-tools-for-stm32.7-2018-q2-update.win32_1.5.0.202011040924/tools/bin/../lib/gcc/arm-none-eabi/7.3.1/thumb/v7e-m/fpv4-sp/hard\libgcc.a(_udivmoddi4.o)
                0x0000000008000220                __udivmoddi4
 .text          0x00000000080004ec        0x4 e:/st/stm32cubeide_1.5.1/stm32cubeide/plugins/com.st.stm32cube.ide.mcu.externaltools.gnu-tools-for-stm32.7-2018-q2-update.win32_1.5.0.202011040924/tools/bin/../lib/gcc/arm-none-eabi/7.3.1/thumb/v7e-m/fpv4-sp/hard\libgcc.a(_dvmd_tls.o)
                0x00000000080004ec                __aeabi_idiv0
                0x00000000080004ec                __aeabi_ldiv0
 *(.text*)
 .text.s8CANInit
                0x00000000080004f0       0x50 Core/BFFT/Source/BFFT_CAN.o
                0x00000000080004f0                s8CANInit
 .text.s8CANSendMessage
                0x0000000008000540       0x48 Core/BFFT/Source/BFFT_CAN.o
                0x0000000008000540                s8CANSendMessage
 .text.s8CANReceiveMessage
                0x0000000008000588       0x90 Core/BFFT/Source/BFFT_CAN.o
                0x0000000008000588                s8CANReceiveMessage
 .text.s8CANGeneralInit
                0x0000000008000618       0x3c Core/BFFT/Source/BFFT_CAN.o
 .text.s8CANTxInit
                0x0000000008000654       0x34 Core/BFFT/Source/BFFT_CAN.o
 .text.s8CANFilterInit
                0x0000000008000688       0x5c Core/BFFT/Source/BFFT_CAN.o
 .text.vCANSetStatusLED
                0x00000000080006e4       0x24 Core/BFFT/Source/BFFT_CAN.o
 .text.vLEDStatusOkaySet
                0x0000000008000708       0x24 Core/BFFT/Source/BFFT_SystemStatusLED.o
                0x0000000008000708                vLEDStatusOkaySet
 .text.vLEDStatusErrorSet
                0x000000000800072c       0x24 Core/BFFT/Source/BFFT_SystemStatusLED.o
                0x000000000800072c                vLEDStatusErrorSet
 .text.vLEDSystemAliveToggle
                0x0000000008000750       0x18 Core/BFFT/Source/BFFT_SystemStatusLED.o
                0x0000000008000750                vLEDSystemAliveToggle
 .text.MX_CAN1_Init
                0x0000000008000768       0x70 Core/Src/can.o
                0x0000000008000768                MX_CAN1_Init
 .text.HAL_CAN_MspInit
                0x00000000080007d8       0xa0 Core/Src/can.o
                0x00000000080007d8                HAL_CAN_MspInit
 .text.vApplicationIdleHook
                0x0000000008000878        0xe Core/Src/freertos.o
                0x0000000008000878                vApplicationIdleHook
 *fill*         0x0000000008000886        0x2 
 .text.MX_FREERTOS_Init
                0x0000000008000888       0x5c Core/Src/freertos.o
                0x0000000008000888                MX_FREERTOS_Init
 .text.StartDefaultTask
                0x00000000080008e4       0x10 Core/Src/freertos.o
                0x00000000080008e4                StartDefaultTask
 .text.vThreadCANSendMessage
                0x00000000080008f4       0x22 Core/Src/freertos.o
                0x00000000080008f4                vThreadCANSendMessage
 .text.vThreadLEDSystemAlive
                0x0000000008000916       0x22 Core/Src/freertos.o
                0x0000000008000916                vThreadLEDSystemAlive
 .text.MX_GPIO_Init
                0x0000000008000938       0xa4 Core/Src/gpio.o
                0x0000000008000938                MX_GPIO_Init
 .text.main     0x00000000080009dc       0x26 Core/Src/main.o
                0x00000000080009dc                main
 *fill*         0x0000000008000a02        0x2 
 .text.SystemClock_Config
                0x0000000008000a04       0xd8 Core/Src/main.o
                0x0000000008000a04                SystemClock_Config
 .text.HAL_TIM_PeriodElapsedCallback
                0x0000000008000adc       0x24 Core/Src/main.o
                0x0000000008000adc                HAL_TIM_PeriodElapsedCallback
 .text.Error_Handler
                0x0000000008000b00        0x8 Core/Src/main.o
                0x0000000008000b00                Error_Handler
 .text.HAL_MspInit
                0x0000000008000b08       0x58 Core/Src/stm32f4xx_hal_msp.o
                0x0000000008000b08                HAL_MspInit
 .text.HAL_InitTick
                0x0000000008000b60       0xb4 Core/Src/stm32f4xx_hal_timebase_tim.o
                0x0000000008000b60                HAL_InitTick
 .text.NMI_Handler
                0x0000000008000c14        0x6 Core/Src/stm32f4xx_it.o
                0x0000000008000c14                NMI_Handler
 .text.HardFault_Handler
                0x0000000008000c1a        0x6 Core/Src/stm32f4xx_it.o
                0x0000000008000c1a                HardFault_Handler
 .text.MemManage_Handler
                0x0000000008000c20        0x6 Core/Src/stm32f4xx_it.o
                0x0000000008000c20                MemManage_Handler
 .text.BusFault_Handler
                0x0000000008000c26        0x6 Core/Src/stm32f4xx_it.o
                0x0000000008000c26                BusFault_Handler
 .text.UsageFault_Handler
                0x0000000008000c2c        0x6 Core/Src/stm32f4xx_it.o
                0x0000000008000c2c                UsageFault_Handler
 .text.DebugMon_Handler
                0x0000000008000c32        0xe Core/Src/stm32f4xx_it.o
                0x0000000008000c32                DebugMon_Handler
 .text.CAN1_RX0_IRQHandler
                0x0000000008000c40       0x18 Core/Src/stm32f4xx_it.o
                0x0000000008000c40                CAN1_RX0_IRQHandler
 .text.TIM1_UP_TIM10_IRQHandler
                0x0000000008000c58       0x14 Core/Src/stm32f4xx_it.o
                0x0000000008000c58                TIM1_UP_TIM10_IRQHandler
 .text.SystemInit
                0x0000000008000c6c       0x2c Core/Src/system_stm32f4xx.o
                0x0000000008000c6c                SystemInit
 .text.Reset_Handler
                0x0000000008000c98       0x50 Core/Startup/startup_stm32f429zitx.o
                0x0000000008000c98                Reset_Handler
 .text.Default_Handler
                0x0000000008000ce8        0x2 Core/Startup/startup_stm32f429zitx.o
                0x0000000008000ce8                RTC_Alarm_IRQHandler
                0x0000000008000ce8                HASH_RNG_IRQHandler
                0x0000000008000ce8                EXTI2_IRQHandler
                0x0000000008000ce8                TIM8_CC_IRQHandler
                0x0000000008000ce8                UART8_IRQHandler
                0x0000000008000ce8                SPI4_IRQHandler
                0x0000000008000ce8                TIM1_CC_IRQHandler
                0x0000000008000ce8                DMA2_Stream5_IRQHandler
                0x0000000008000ce8                DMA1_Stream5_IRQHandler
                0x0000000008000ce8                PVD_IRQHandler
                0x0000000008000ce8                SDIO_IRQHandler
                0x0000000008000ce8                TAMP_STAMP_IRQHandler
                0x0000000008000ce8                CAN2_RX1_IRQHandler
                0x0000000008000ce8                EXTI3_IRQHandler
                0x0000000008000ce8                TIM8_TRG_COM_TIM14_IRQHandler
                0x0000000008000ce8                TIM8_UP_TIM13_IRQHandler
                0x0000000008000ce8                I2C3_ER_IRQHandler
                0x0000000008000ce8                EXTI0_IRQHandler
                0x0000000008000ce8                I2C2_EV_IRQHandler
                0x0000000008000ce8                DMA1_Stream2_IRQHandler
                0x0000000008000ce8                FPU_IRQHandler
                0x0000000008000ce8                OTG_HS_WKUP_IRQHandler
                0x0000000008000ce8                LTDC_ER_IRQHandler
                0x0000000008000ce8                CAN2_SCE_IRQHandler
                0x0000000008000ce8                DMA2_Stream2_IRQHandler
                0x0000000008000ce8                SPI1_IRQHandler
                0x0000000008000ce8                TIM6_DAC_IRQHandler
                0x0000000008000ce8                TIM1_BRK_TIM9_IRQHandler
                0x0000000008000ce8                DCMI_IRQHandler
                0x0000000008000ce8                CAN2_RX0_IRQHandler
                0x0000000008000ce8                DMA2_Stream3_IRQHandler
                0x0000000008000ce8                USART6_IRQHandler
                0x0000000008000ce8                USART3_IRQHandler
                0x0000000008000ce8                CAN1_RX1_IRQHandler
                0x0000000008000ce8                UART5_IRQHandler
                0x0000000008000ce8                DMA2_Stream0_IRQHandler
                0x0000000008000ce8                TIM4_IRQHandler
                0x0000000008000ce8                I2C1_EV_IRQHandler
                0x0000000008000ce8                DMA1_Stream6_IRQHandler
                0x0000000008000ce8                DMA1_Stream1_IRQHandler
                0x0000000008000ce8                UART4_IRQHandler
                0x0000000008000ce8                TIM3_IRQHandler
                0x0000000008000ce8                RCC_IRQHandler
                0x0000000008000ce8                TIM8_BRK_TIM12_IRQHandler
                0x0000000008000ce8                Default_Handler
                0x0000000008000ce8                EXTI15_10_IRQHandler
                0x0000000008000ce8                ADC_IRQHandler
                0x0000000008000ce8                DMA1_Stream7_IRQHandler
                0x0000000008000ce8                SPI5_IRQHandler
                0x0000000008000ce8                TIM7_IRQHandler
                0x0000000008000ce8                CAN2_TX_IRQHandler
                0x0000000008000ce8                TIM5_IRQHandler
                0x0000000008000ce8                DMA2_Stream7_IRQHandler
                0x0000000008000ce8                I2C3_EV_IRQHandler
                0x0000000008000ce8                EXTI9_5_IRQHandler
                0x0000000008000ce8                RTC_WKUP_IRQHandler
                0x0000000008000ce8                LTDC_IRQHandler
                0x0000000008000ce8                ETH_WKUP_IRQHandler
                0x0000000008000ce8                SPI2_IRQHandler
                0x0000000008000ce8                OTG_HS_EP1_IN_IRQHandler
                0x0000000008000ce8                DMA1_Stream0_IRQHandler
                0x0000000008000ce8                CAN1_TX_IRQHandler
                0x0000000008000ce8                EXTI4_IRQHandler
                0x0000000008000ce8                ETH_IRQHandler
                0x0000000008000ce8                OTG_HS_EP1_OUT_IRQHandler
                0x0000000008000ce8                WWDG_IRQHandler
                0x0000000008000ce8                SPI6_IRQHandler
                0x0000000008000ce8                TIM2_IRQHandler
                0x0000000008000ce8                OTG_FS_WKUP_IRQHandler
                0x0000000008000ce8                TIM1_TRG_COM_TIM11_IRQHandler
                0x0000000008000ce8                OTG_HS_IRQHandler
                0x0000000008000ce8                DMA2D_IRQHandler
                0x0000000008000ce8                EXTI1_IRQHandler
                0x0000000008000ce8                UART7_IRQHandler
                0x0000000008000ce8                USART2_IRQHandler
                0x0000000008000ce8                I2C2_ER_IRQHandler
                0x0000000008000ce8                DMA2_Stream1_IRQHandler
                0x0000000008000ce8                CAN1_SCE_IRQHandler
                0x0000000008000ce8                FLASH_IRQHandler
                0x0000000008000ce8                DMA2_Stream4_IRQHandler
                0x0000000008000ce8                USART1_IRQHandler
                0x0000000008000ce8                OTG_FS_IRQHandler
                0x0000000008000ce8                SPI3_IRQHandler
                0x0000000008000ce8                DMA1_Stream4_IRQHandler
                0x0000000008000ce8                I2C1_ER_IRQHandler
                0x0000000008000ce8                FMC_IRQHandler
                0x0000000008000ce8                DMA2_Stream6_IRQHandler
                0x0000000008000ce8                SAI1_IRQHandler
                0x0000000008000ce8                DMA1_Stream3_IRQHandler
 *fill*         0x0000000008000cea        0x2 
 .text.HAL_Init
                0x0000000008000cec       0x44 Drivers/STM32F4xx_HAL_Driver/Src/stm32f4xx_hal.o
                0x0000000008000cec                HAL_Init
 .text.HAL_IncTick
                0x0000000008000d30       0x28 Drivers/STM32F4xx_HAL_Driver/Src/stm32f4xx_hal.o
                0x0000000008000d30                HAL_IncTick
 .text.HAL_GetTick
                0x0000000008000d58       0x18 Drivers/STM32F4xx_HAL_Driver/Src/stm32f4xx_hal.o
                0x0000000008000d58                HAL_GetTick
 .text.HAL_CAN_Init
                0x0000000008000d70      0x1f6 Drivers/STM32F4xx_HAL_Driver/Src/stm32f4xx_hal_can.o
                0x0000000008000d70                HAL_CAN_Init
 *fill*         0x0000000008000f66        0x2 
 .text.HAL_CAN_ConfigFilter
                0x0000000008000f68      0x1c0 Drivers/STM32F4xx_HAL_Driver/Src/stm32f4xx_hal_can.o
                0x0000000008000f68                HAL_CAN_ConfigFilter
 .text.HAL_CAN_Start
                0x0000000008001128       0x88 Drivers/STM32F4xx_HAL_Driver/Src/stm32f4xx_hal_can.o
                0x0000000008001128                HAL_CAN_Start
 .text.HAL_CAN_AddTxMessage
                0x00000000080011b0      0x1b6 Drivers/STM32F4xx_HAL_Driver/Src/stm32f4xx_hal_can.o
                0x00000000080011b0                HAL_CAN_AddTxMessage
 .text.HAL_CAN_GetRxMessage
                0x0000000008001366      0x224 Drivers/STM32F4xx_HAL_Driver/Src/stm32f4xx_hal_can.o
                0x0000000008001366                HAL_CAN_GetRxMessage
 .text.HAL_CAN_ActivateNotification
                0x000000000800158a       0x4c Drivers/STM32F4xx_HAL_Driver/Src/stm32f4xx_hal_can.o
                0x000000000800158a                HAL_CAN_ActivateNotification
 .text.HAL_CAN_IRQHandler
                0x00000000080015d6      0x362 Drivers/STM32F4xx_HAL_Driver/Src/stm32f4xx_hal_can.o
                0x00000000080015d6                HAL_CAN_IRQHandler
 .text.HAL_CAN_TxMailbox0CompleteCallback
                0x0000000008001938       0x14 Drivers/STM32F4xx_HAL_Driver/Src/stm32f4xx_hal_can.o
                0x0000000008001938                HAL_CAN_TxMailbox0CompleteCallback
 .text.HAL_CAN_TxMailbox1CompleteCallback
                0x000000000800194c       0x14 Drivers/STM32F4xx_HAL_Driver/Src/stm32f4xx_hal_can.o
                0x000000000800194c                HAL_CAN_TxMailbox1CompleteCallback
 .text.HAL_CAN_TxMailbox2CompleteCallback
                0x0000000008001960       0x14 Drivers/STM32F4xx_HAL_Driver/Src/stm32f4xx_hal_can.o
                0x0000000008001960                HAL_CAN_TxMailbox2CompleteCallback
 .text.HAL_CAN_TxMailbox0AbortCallback
                0x0000000008001974       0x14 Drivers/STM32F4xx_HAL_Driver/Src/stm32f4xx_hal_can.o
                0x0000000008001974                HAL_CAN_TxMailbox0AbortCallback
 .text.HAL_CAN_TxMailbox1AbortCallback
                0x0000000008001988       0x14 Drivers/STM32F4xx_HAL_Driver/Src/stm32f4xx_hal_can.o
                0x0000000008001988                HAL_CAN_TxMailbox1AbortCallback
 .text.HAL_CAN_TxMailbox2AbortCallback
                0x000000000800199c       0x14 Drivers/STM32F4xx_HAL_Driver/Src/stm32f4xx_hal_can.o
                0x000000000800199c                HAL_CAN_TxMailbox2AbortCallback
 .text.HAL_CAN_RxFifo0MsgPendingCallback
                0x00000000080019b0       0x14 Drivers/STM32F4xx_HAL_Driver/Src/stm32f4xx_hal_can.o
                0x00000000080019b0                HAL_CAN_RxFifo0MsgPendingCallback
 .text.HAL_CAN_RxFifo0FullCallback
                0x00000000080019c4       0x14 Drivers/STM32F4xx_HAL_Driver/Src/stm32f4xx_hal_can.o
                0x00000000080019c4                HAL_CAN_RxFifo0FullCallback
 .text.HAL_CAN_RxFifo1MsgPendingCallback
                0x00000000080019d8       0x14 Drivers/STM32F4xx_HAL_Driver/Src/stm32f4xx_hal_can.o
                0x00000000080019d8                HAL_CAN_RxFifo1MsgPendingCallback
 .text.HAL_CAN_RxFifo1FullCallback
                0x00000000080019ec       0x14 Drivers/STM32F4xx_HAL_Driver/Src/stm32f4xx_hal_can.o
                0x00000000080019ec                HAL_CAN_RxFifo1FullCallback
 .text.HAL_CAN_SleepCallback
                0x0000000008001a00       0x14 Drivers/STM32F4xx_HAL_Driver/Src/stm32f4xx_hal_can.o
                0x0000000008001a00                HAL_CAN_SleepCallback
 .text.HAL_CAN_WakeUpFromRxMsgCallback
                0x0000000008001a14       0x14 Drivers/STM32F4xx_HAL_Driver/Src/stm32f4xx_hal_can.o
                0x0000000008001a14                HAL_CAN_WakeUpFromRxMsgCallback
 .text.HAL_CAN_ErrorCallback
                0x0000000008001a28       0x14 Drivers/STM32F4xx_HAL_Driver/Src/stm32f4xx_hal_can.o
                0x0000000008001a28                HAL_CAN_ErrorCallback
 .text.__NVIC_SetPriorityGrouping
                0x0000000008001a3c       0x48 Drivers/STM32F4xx_HAL_Driver/Src/stm32f4xx_hal_cortex.o
 .text.__NVIC_GetPriorityGrouping
                0x0000000008001a84       0x1c Drivers/STM32F4xx_HAL_Driver/Src/stm32f4xx_hal_cortex.o
 .text.__NVIC_EnableIRQ
                0x0000000008001aa0       0x3c Drivers/STM32F4xx_HAL_Driver/Src/stm32f4xx_hal_cortex.o
 .text.__NVIC_SetPriority
                0x0000000008001adc       0x54 Drivers/STM32F4xx_HAL_Driver/Src/stm32f4xx_hal_cortex.o
 .text.NVIC_EncodePriority
                0x0000000008001b30       0x66 Drivers/STM32F4xx_HAL_Driver/Src/stm32f4xx_hal_cortex.o
 .text.HAL_NVIC_SetPriorityGrouping
                0x0000000008001b96       0x16 Drivers/STM32F4xx_HAL_Driver/Src/stm32f4xx_hal_cortex.o
                0x0000000008001b96                HAL_NVIC_SetPriorityGrouping
 .text.HAL_NVIC_SetPriority
                0x0000000008001bac       0x38 Drivers/STM32F4xx_HAL_Driver/Src/stm32f4xx_hal_cortex.o
                0x0000000008001bac                HAL_NVIC_SetPriority
 .text.HAL_NVIC_EnableIRQ
                0x0000000008001be4       0x1c Drivers/STM32F4xx_HAL_Driver/Src/stm32f4xx_hal_cortex.o
                0x0000000008001be4                HAL_NVIC_EnableIRQ
 .text.HAL_GPIO_Init
                0x0000000008001c00      0x354 Drivers/STM32F4xx_HAL_Driver/Src/stm32f4xx_hal_gpio.o
                0x0000000008001c00                HAL_GPIO_Init
 .text.HAL_GPIO_WritePin
                0x0000000008001f54       0x32 Drivers/STM32F4xx_HAL_Driver/Src/stm32f4xx_hal_gpio.o
                0x0000000008001f54                HAL_GPIO_WritePin
 .text.HAL_GPIO_TogglePin
                0x0000000008001f86       0x36 Drivers/STM32F4xx_HAL_Driver/Src/stm32f4xx_hal_gpio.o
                0x0000000008001f86                HAL_GPIO_TogglePin
 .text.HAL_RCC_OscConfig
                0x0000000008001fbc      0x4e0 Drivers/STM32F4xx_HAL_Driver/Src/stm32f4xx_hal_rcc.o
                0x0000000008001fbc                HAL_RCC_OscConfig
 .text.HAL_RCC_ClockConfig
                0x000000000800249c      0x1cc Drivers/STM32F4xx_HAL_Driver/Src/stm32f4xx_hal_rcc.o
                0x000000000800249c                HAL_RCC_ClockConfig
 .text.HAL_RCC_GetSysClockFreq
                0x0000000008002668      0x1b0 Drivers/STM32F4xx_HAL_Driver/Src/stm32f4xx_hal_rcc.o
                0x0000000008002668                HAL_RCC_GetSysClockFreq
 .text.HAL_RCC_GetHCLKFreq
                0x0000000008002818       0x18 Drivers/STM32F4xx_HAL_Driver/Src/stm32f4xx_hal_rcc.o
                0x0000000008002818                HAL_RCC_GetHCLKFreq
 .text.HAL_RCC_GetPCLK2Freq
                0x0000000008002830       0x28 Drivers/STM32F4xx_HAL_Driver/Src/stm32f4xx_hal_rcc.o
                0x0000000008002830                HAL_RCC_GetPCLK2Freq
 .text.HAL_RCC_GetClockConfig
                0x0000000008002858       0x64 Drivers/STM32F4xx_HAL_Driver/Src/stm32f4xx_hal_rcc.o
                0x0000000008002858                HAL_RCC_GetClockConfig
 .text.HAL_TIM_Base_Init
                0x00000000080028bc       0x56 Drivers/STM32F4xx_HAL_Driver/Src/stm32f4xx_hal_tim.o
                0x00000000080028bc                HAL_TIM_Base_Init
 .text.HAL_TIM_Base_MspInit
                0x0000000008002912       0x14 Drivers/STM32F4xx_HAL_Driver/Src/stm32f4xx_hal_tim.o
                0x0000000008002912                HAL_TIM_Base_MspInit
 .text.HAL_TIM_Base_Start_IT
                0x0000000008002926       0x48 Drivers/STM32F4xx_HAL_Driver/Src/stm32f4xx_hal_tim.o
                0x0000000008002926                HAL_TIM_Base_Start_IT
 .text.HAL_TIM_IRQHandler
                0x000000000800296e      0x210 Drivers/STM32F4xx_HAL_Driver/Src/stm32f4xx_hal_tim.o
                0x000000000800296e                HAL_TIM_IRQHandler
 .text.HAL_TIM_OC_DelayElapsedCallback
                0x0000000008002b7e       0x14 Drivers/STM32F4xx_HAL_Driver/Src/stm32f4xx_hal_tim.o
                0x0000000008002b7e                HAL_TIM_OC_DelayElapsedCallback
 .text.HAL_TIM_IC_CaptureCallback
                0x0000000008002b92       0x14 Drivers/STM32F4xx_HAL_Driver/Src/stm32f4xx_hal_tim.o
                0x0000000008002b92                HAL_TIM_IC_CaptureCallback
 .text.HAL_TIM_PWM_PulseFinishedCallback
                0x0000000008002ba6       0x14 Drivers/STM32F4xx_HAL_Driver/Src/stm32f4xx_hal_tim.o
                0x0000000008002ba6                HAL_TIM_PWM_PulseFinishedCallback
 .text.HAL_TIM_TriggerCallback
                0x0000000008002bba       0x14 Drivers/STM32F4xx_HAL_Driver/Src/stm32f4xx_hal_tim.o
                0x0000000008002bba                HAL_TIM_TriggerCallback
 *fill*         0x0000000008002bce        0x2 
 .text.TIM_Base_SetConfig
                0x0000000008002bd0      0x140 Drivers/STM32F4xx_HAL_Driver/Src/stm32f4xx_hal_tim.o
                0x0000000008002bd0                TIM_Base_SetConfig
 .text.HAL_TIMEx_CommutCallback
                0x0000000008002d10       0x14 Drivers/STM32F4xx_HAL_Driver/Src/stm32f4xx_hal_tim_ex.o
                0x0000000008002d10                HAL_TIMEx_CommutCallback
 .text.HAL_TIMEx_BreakCallback
                0x0000000008002d24       0x14 Drivers/STM32F4xx_HAL_Driver/Src/stm32f4xx_hal_tim_ex.o
                0x0000000008002d24                HAL_TIMEx_BreakCallback
 .text.SVC_Setup
                0x0000000008002d38        0xe Middlewares/Third_Party/FreeRTOS/Source/CMSIS_RTOS_V2/cmsis_os2.o
 *fill*         0x0000000008002d46        0x2 
 .text.osKernelInitialize
                0x0000000008002d48       0x68 Middlewares/Third_Party/FreeRTOS/Source/CMSIS_RTOS_V2/cmsis_os2.o
                0x0000000008002d48                osKernelInitialize
 .text.osKernelStart
                0x0000000008002db0       0x6c Middlewares/Third_Party/FreeRTOS/Source/CMSIS_RTOS_V2/cmsis_os2.o
                0x0000000008002db0                osKernelStart
 .text.osThreadNew
                0x0000000008002e1c      0x14c Middlewares/Third_Party/FreeRTOS/Source/CMSIS_RTOS_V2/cmsis_os2.o
                0x0000000008002e1c                osThreadNew
 .text.osDelay  0x0000000008002f68       0x5c Middlewares/Third_Party/FreeRTOS/Source/CMSIS_RTOS_V2/cmsis_os2.o
                0x0000000008002f68                osDelay
 .text.vApplicationGetIdleTaskMemory
                0x0000000008002fc4       0x34 Middlewares/Third_Party/FreeRTOS/Source/CMSIS_RTOS_V2/cmsis_os2.o
                0x0000000008002fc4                vApplicationGetIdleTaskMemory
 .text.vApplicationGetTimerTaskMemory
                0x0000000008002ff8       0x34 Middlewares/Third_Party/FreeRTOS/Source/CMSIS_RTOS_V2/cmsis_os2.o
                0x0000000008002ff8                vApplicationGetTimerTaskMemory
 .text.vListInitialise
                0x000000000800302c       0x40 Middlewares/Third_Party/FreeRTOS/Source/list.o
                0x000000000800302c                vListInitialise
 .text.vListInitialiseItem
                0x000000000800306c       0x1a Middlewares/Third_Party/FreeRTOS/Source/list.o
                0x000000000800306c                vListInitialiseItem
 .text.vListInsertEnd
                0x0000000008003086       0x48 Middlewares/Third_Party/FreeRTOS/Source/list.o
                0x0000000008003086                vListInsertEnd
 .text.vListInsert
                0x00000000080030ce       0x72 Middlewares/Third_Party/FreeRTOS/Source/list.o
                0x00000000080030ce                vListInsert
 .text.uxListRemove
                0x0000000008003140       0x54 Middlewares/Third_Party/FreeRTOS/Source/list.o
                0x0000000008003140                uxListRemove
 .text.xQueueGenericReset
                0x0000000008003194       0xd0 Middlewares/Third_Party/FreeRTOS/Source/queue.o
                0x0000000008003194                xQueueGenericReset
 .text.xQueueGenericCreateStatic
                0x0000000008003264       0xe6 Middlewares/Third_Party/FreeRTOS/Source/queue.o
                0x0000000008003264                xQueueGenericCreateStatic
 .text.prvInitialiseNewQueue
                0x000000000800334a       0x46 Middlewares/Third_Party/FreeRTOS/Source/queue.o
 .text.xQueueGenericSend
                0x0000000008003390      0x1f4 Middlewares/Third_Party/FreeRTOS/Source/queue.o
                0x0000000008003390                xQueueGenericSend
 .text.xQueueGenericSendFromISR
                0x0000000008003584      0x128 Middlewares/Third_Party/FreeRTOS/Source/queue.o
                0x0000000008003584                xQueueGenericSendFromISR
 .text.xQueueReceive
                0x00000000080036ac      0x1b8 Middlewares/Third_Party/FreeRTOS/Source/queue.o
                0x00000000080036ac                xQueueReceive
 .text.prvCopyDataToQueue
                0x0000000008003864       0xd4 Middlewares/Third_Party/FreeRTOS/Source/queue.o
 .text.prvCopyDataFromQueue
                0x0000000008003938       0x4c Middlewares/Third_Party/FreeRTOS/Source/queue.o
 .text.prvUnlockQueue
                0x0000000008003984       0xa4 Middlewares/Third_Party/FreeRTOS/Source/queue.o
 .text.prvIsQueueEmpty
                0x0000000008003a28       0x2c Middlewares/Third_Party/FreeRTOS/Source/queue.o
 .text.prvIsQueueFull
                0x0000000008003a54       0x30 Middlewares/Third_Party/FreeRTOS/Source/queue.o
 .text.vQueueAddToRegistry
                0x0000000008003a84       0x50 Middlewares/Third_Party/FreeRTOS/Source/queue.o
                0x0000000008003a84                vQueueAddToRegistry
 .text.vQueueWaitForMessageRestricted
                0x0000000008003ad4       0x68 Middlewares/Third_Party/FreeRTOS/Source/queue.o
                0x0000000008003ad4                vQueueWaitForMessageRestricted
 .text.xTaskCreateStatic
                0x0000000008003b3c       0xb4 Middlewares/Third_Party/FreeRTOS/Source/tasks.o
                0x0000000008003b3c                xTaskCreateStatic
 .text.xTaskCreate
                0x0000000008003bf0       0x8a Middlewares/Third_Party/FreeRTOS/Source/tasks.o
                0x0000000008003bf0                xTaskCreate
 .text.prvInitialiseNewTask
                0x0000000008003c7a      0x11c Middlewares/Third_Party/FreeRTOS/Source/tasks.o
 *fill*         0x0000000008003d96        0x2 
 .text.prvAddNewTaskToReadyList
                0x0000000008003d98       0xe0 Middlewares/Third_Party/FreeRTOS/Source/tasks.o
 .text.vTaskDelayUntil
                0x0000000008003e78       0xf4 Middlewares/Third_Party/FreeRTOS/Source/tasks.o
                0x0000000008003e78                vTaskDelayUntil
 .text.vTaskDelay
                0x0000000008003f6c       0x68 Middlewares/Third_Party/FreeRTOS/Source/tasks.o
                0x0000000008003f6c                vTaskDelay
 .text.vTaskStartScheduler
                0x0000000008003fd4       0xc8 Middlewares/Third_Party/FreeRTOS/Source/tasks.o
                0x0000000008003fd4                vTaskStartScheduler
 .text.vTaskSuspendAll
                0x000000000800409c       0x1c Middlewares/Third_Party/FreeRTOS/Source/tasks.o
                0x000000000800409c                vTaskSuspendAll
 .text.xTaskResumeAll
                0x00000000080040b8      0x138 Middlewares/Third_Party/FreeRTOS/Source/tasks.o
                0x00000000080040b8                xTaskResumeAll
 .text.xTaskGetTickCount
                0x00000000080041f0       0x20 Middlewares/Third_Party/FreeRTOS/Source/tasks.o
                0x00000000080041f0                xTaskGetTickCount
 .text.xTaskIncrementTick
                0x0000000008004210      0x170 Middlewares/Third_Party/FreeRTOS/Source/tasks.o
                0x0000000008004210                xTaskIncrementTick
 .text.vTaskSwitchContext
                0x0000000008004380       0xb8 Middlewares/Third_Party/FreeRTOS/Source/tasks.o
                0x0000000008004380                vTaskSwitchContext
 .text.vTaskPlaceOnEventList
                0x0000000008004438       0x48 Middlewares/Third_Party/FreeRTOS/Source/tasks.o
                0x0000000008004438                vTaskPlaceOnEventList
 .text.vTaskPlaceOnEventListRestricted
                0x0000000008004480       0x54 Middlewares/Third_Party/FreeRTOS/Source/tasks.o
                0x0000000008004480                vTaskPlaceOnEventListRestricted
 .text.xTaskRemoveFromEventList
                0x00000000080044d4       0xc4 Middlewares/Third_Party/FreeRTOS/Source/tasks.o
                0x00000000080044d4                xTaskRemoveFromEventList
 .text.vTaskInternalSetTimeOutState
                0x0000000008004598       0x2c Middlewares/Third_Party/FreeRTOS/Source/tasks.o
                0x0000000008004598                vTaskInternalSetTimeOutState
 .text.xTaskCheckForTimeOut
                0x00000000080045c4       0xc0 Middlewares/Third_Party/FreeRTOS/Source/tasks.o
                0x00000000080045c4                xTaskCheckForTimeOut
 .text.vTaskMissedYield
                0x0000000008004684       0x18 Middlewares/Third_Party/FreeRTOS/Source/tasks.o
                0x0000000008004684                vTaskMissedYield
 .text.prvIdleTask
                0x000000000800469c       0x34 Middlewares/Third_Party/FreeRTOS/Source/tasks.o
 .text.prvInitialiseTaskLists
                0x00000000080046d0       0x80 Middlewares/Third_Party/FreeRTOS/Source/tasks.o
 .text.prvCheckTasksWaitingTermination
                0x0000000008004750       0x58 Middlewares/Third_Party/FreeRTOS/Source/tasks.o
 .text.prvDeleteTCB
                0x00000000080047a8       0x5c Middlewares/Third_Party/FreeRTOS/Source/tasks.o
 .text.prvResetNextTaskUnblockTime
                0x0000000008004804       0x40 Middlewares/Third_Party/FreeRTOS/Source/tasks.o
 .text.xTaskGetSchedulerState
                0x0000000008004844       0x3c Middlewares/Third_Party/FreeRTOS/Source/tasks.o
                0x0000000008004844                xTaskGetSchedulerState
 .text.xTaskPriorityDisinherit
                0x0000000008004880       0xd8 Middlewares/Third_Party/FreeRTOS/Source/tasks.o
                0x0000000008004880                xTaskPriorityDisinherit
 .text.prvAddCurrentTaskToDelayedList
                0x0000000008004958       0xa8 Middlewares/Third_Party/FreeRTOS/Source/tasks.o
 .text.xTimerCreateTimerTask
                0x0000000008004a00       0x90 Middlewares/Third_Party/FreeRTOS/Source/timers.o
                0x0000000008004a00                xTimerCreateTimerTask
 .text.xTimerGenericCommand
                0x0000000008004a90       0x98 Middlewares/Third_Party/FreeRTOS/Source/timers.o
                0x0000000008004a90                xTimerGenericCommand
 .text.prvProcessExpiredTimer
                0x0000000008004b28       0x98 Middlewares/Third_Party/FreeRTOS/Source/timers.o
 .text.prvTimerTask
                0x0000000008004bc0       0x24 Middlewares/Third_Party/FreeRTOS/Source/timers.o
 .text.prvProcessTimerOrBlockTask
                0x0000000008004be4       0x9c Middlewares/Third_Party/FreeRTOS/Source/timers.o
 .text.prvGetNextExpireTime
                0x0000000008004c80       0x48 Middlewares/Third_Party/FreeRTOS/Source/timers.o
 .text.prvSampleTimeNow
                0x0000000008004cc8       0x40 Middlewares/Third_Party/FreeRTOS/Source/timers.o
 .text.prvInsertTimerInActiveList
                0x0000000008004d08       0x84 Middlewares/Third_Party/FreeRTOS/Source/timers.o
 .text.prvProcessReceivedCommands
                0x0000000008004d8c      0x1b8 Middlewares/Third_Party/FreeRTOS/Source/timers.o
 .text.prvSwitchTimerLists
                0x0000000008004f44       0xc8 Middlewares/Third_Party/FreeRTOS/Source/timers.o
 .text.prvCheckForValidListAndQueue
                0x000000000800500c       0x80 Middlewares/Third_Party/FreeRTOS/Source/timers.o
 .text.pxPortInitialiseStack
                0x000000000800508c       0x68 Middlewares/Third_Party/FreeRTOS/Source/portable/GCC/ARM_CM4F/port.o
                0x000000000800508c                pxPortInitialiseStack
 .text.prvTaskExitError
                0x00000000080050f4       0x54 Middlewares/Third_Party/FreeRTOS/Source/portable/GCC/ARM_CM4F/port.o
 *fill*         0x0000000008005148        0x8 
 .text.SVC_Handler
                0x0000000008005150       0x28 Middlewares/Third_Party/FreeRTOS/Source/portable/GCC/ARM_CM4F/port.o
                0x0000000008005150                SVC_Handler
 .text.prvPortStartFirstTask
                0x0000000008005178       0x28 Middlewares/Third_Party/FreeRTOS/Source/portable/GCC/ARM_CM4F/port.o
 .text.xPortStartScheduler
                0x00000000080051a0      0x13c Middlewares/Third_Party/FreeRTOS/Source/portable/GCC/ARM_CM4F/port.o
                0x00000000080051a0                xPortStartScheduler
 .text.vPortEnterCritical
                0x00000000080052dc       0x5c Middlewares/Third_Party/FreeRTOS/Source/portable/GCC/ARM_CM4F/port.o
                0x00000000080052dc                vPortEnterCritical
 .text.vPortExitCritical
                0x0000000008005338       0x50 Middlewares/Third_Party/FreeRTOS/Source/portable/GCC/ARM_CM4F/port.o
                0x0000000008005338                vPortExitCritical
 *fill*         0x0000000008005388        0x8 
 .text.PendSV_Handler
                0x0000000008005390       0x68 Middlewares/Third_Party/FreeRTOS/Source/portable/GCC/ARM_CM4F/port.o
                0x0000000008005390                PendSV_Handler
 .text.SysTick_Handler
                0x00000000080053f8       0x40 Middlewares/Third_Party/FreeRTOS/Source/portable/GCC/ARM_CM4F/port.o
                0x00000000080053f8                SysTick_Handler
 .text.vPortSetupTimerInterrupt
                0x0000000008005438       0x48 Middlewares/Third_Party/FreeRTOS/Source/portable/GCC/ARM_CM4F/port.o
                0x0000000008005438                vPortSetupTimerInterrupt
 .text.vPortEnableVFP
                0x0000000008005480       0x14 Middlewares/Third_Party/FreeRTOS/Source/portable/GCC/ARM_CM4F/port.o
 .text.vPortValidateInterruptPriority
                0x0000000008005494       0x7c Middlewares/Third_Party/FreeRTOS/Source/portable/GCC/ARM_CM4F/port.o
                0x0000000008005494                vPortValidateInterruptPriority
 .text.pvPortMalloc
                0x0000000008005510      0x184 Middlewares/Third_Party/FreeRTOS/Source/portable/MemMang/heap_4.o
                0x0000000008005510                pvPortMalloc
 .text.vPortFree
                0x0000000008005694       0xb0 Middlewares/Third_Party/FreeRTOS/Source/portable/MemMang/heap_4.o
                0x0000000008005694                vPortFree
 .text.prvHeapInit
                0x0000000008005744       0xc4 Middlewares/Third_Party/FreeRTOS/Source/portable/MemMang/heap_4.o
 .text.prvInsertBlockIntoFreeList
                0x0000000008005808       0xb4 Middlewares/Third_Party/FreeRTOS/Source/portable/MemMang/heap_4.o
 .text.__libc_init_array
                0x00000000080058bc       0x48 e:/st/stm32cubeide_1.5.1/stm32cubeide/plugins/com.st.stm32cube.ide.mcu.externaltools.gnu-tools-for-stm32.7-2018-q2-update.win32_1.5.0.202011040924/tools/bin/../lib/gcc/arm-none-eabi/7.3.1/../../../../arm-none-eabi/lib/thumb/v7e-m/fpv4-sp/hard\libc_nano.a(lib_a-init.o)
                0x00000000080058bc                __libc_init_array
 .text.memcmp   0x0000000008005904       0x1e e:/st/stm32cubeide_1.5.1/stm32cubeide/plugins/com.st.stm32cube.ide.mcu.externaltools.gnu-tools-for-stm32.7-2018-q2-update.win32_1.5.0.202011040924/tools/bin/../lib/gcc/arm-none-eabi/7.3.1/../../../../arm-none-eabi/lib/thumb/v7e-m/fpv4-sp/hard\libc_nano.a(lib_a-memcmp.o)
                0x0000000008005904                memcmp
 .text.memcpy   0x0000000008005922       0x16 e:/st/stm32cubeide_1.5.1/stm32cubeide/plugins/com.st.stm32cube.ide.mcu.externaltools.gnu-tools-for-stm32.7-2018-q2-update.win32_1.5.0.202011040924/tools/bin/../lib/gcc/arm-none-eabi/7.3.1/../../../../arm-none-eabi/lib/thumb/v7e-m/fpv4-sp/hard\libc_nano.a(lib_a-memcpy-stub.o)
                0x0000000008005922                memcpy
 .text.memset   0x0000000008005938       0x10 e:/st/stm32cubeide_1.5.1/stm32cubeide/plugins/com.st.stm32cube.ide.mcu.externaltools.gnu-tools-for-stm32.7-2018-q2-update.win32_1.5.0.202011040924/tools/bin/../lib/gcc/arm-none-eabi/7.3.1/../../../../arm-none-eabi/lib/thumb/v7e-m/fpv4-sp/hard\libc_nano.a(lib_a-memset.o)
                0x0000000008005938                memset
 *(.glue_7)
 .glue_7        0x0000000008005948        0x0 linker stubs
 *(.glue_7t)
 .glue_7t       0x0000000008005948        0x0 linker stubs
 *(.eh_frame)
 .eh_frame      0x0000000008005948        0x0 e:/st/stm32cubeide_1.5.1/stm32cubeide/plugins/com.st.stm32cube.ide.mcu.externaltools.gnu-tools-for-stm32.7-2018-q2-update.win32_1.5.0.202011040924/tools/bin/../lib/gcc/arm-none-eabi/7.3.1/thumb/v7e-m/fpv4-sp/hard/crtbegin.o
 *(.init)
 .init          0x0000000008005948        0x4 e:/st/stm32cubeide_1.5.1/stm32cubeide/plugins/com.st.stm32cube.ide.mcu.externaltools.gnu-tools-for-stm32.7-2018-q2-update.win32_1.5.0.202011040924/tools/bin/../lib/gcc/arm-none-eabi/7.3.1/thumb/v7e-m/fpv4-sp/hard/crti.o
                0x0000000008005948                _init
 .init          0x000000000800594c        0x8 e:/st/stm32cubeide_1.5.1/stm32cubeide/plugins/com.st.stm32cube.ide.mcu.externaltools.gnu-tools-for-stm32.7-2018-q2-update.win32_1.5.0.202011040924/tools/bin/../lib/gcc/arm-none-eabi/7.3.1/thumb/v7e-m/fpv4-sp/hard/crtn.o
 *(.fini)
 .fini          0x0000000008005954        0x4 e:/st/stm32cubeide_1.5.1/stm32cubeide/plugins/com.st.stm32cube.ide.mcu.externaltools.gnu-tools-for-stm32.7-2018-q2-update.win32_1.5.0.202011040924/tools/bin/../lib/gcc/arm-none-eabi/7.3.1/thumb/v7e-m/fpv4-sp/hard/crti.o
                0x0000000008005954                _fini
 .fini          0x0000000008005958        0x8 e:/st/stm32cubeide_1.5.1/stm32cubeide/plugins/com.st.stm32cube.ide.mcu.externaltools.gnu-tools-for-stm32.7-2018-q2-update.win32_1.5.0.202011040924/tools/bin/../lib/gcc/arm-none-eabi/7.3.1/thumb/v7e-m/fpv4-sp/hard/crtn.o
                0x0000000008005960                . = ALIGN (0x4)
                0x0000000008005960                _etext = .

.vfp11_veneer   0x0000000008005960        0x0
 .vfp11_veneer  0x0000000008005960        0x0 linker stubs

.v4_bx          0x0000000008005960        0x0
 .v4_bx         0x0000000008005960        0x0 linker stubs

.iplt           0x0000000008005960        0x0
 .iplt          0x0000000008005960        0x0 e:/st/stm32cubeide_1.5.1/stm32cubeide/plugins/com.st.stm32cube.ide.mcu.externaltools.gnu-tools-for-stm32.7-2018-q2-update.win32_1.5.0.202011040924/tools/bin/../lib/gcc/arm-none-eabi/7.3.1/thumb/v7e-m/fpv4-sp/hard/crtbegin.o

.rodata         0x0000000008005960       0xcc
                0x0000000008005960                . = ALIGN (0x4)
 *(.rodata)
 .rodata        0x0000000008005960       0x2c Core/Src/freertos.o
 .rodata        0x000000000800598c        0x5 Middlewares/Third_Party/FreeRTOS/Source/tasks.o
 *fill*         0x0000000008005991        0x3 
 .rodata        0x0000000008005994        0xd Middlewares/Third_Party/FreeRTOS/Source/timers.o
 *(.rodata*)
 *fill*         0x00000000080059a1        0x3 
 .rodata.cau8TxData
                0x00000000080059a4        0x4 Core/BFFT/Source/BFFT_CAN.o
 .rodata.defaultTask_attributes
                0x00000000080059a8       0x24 Core/Src/freertos.o
                0x00000000080059a8                defaultTask_attributes
 .rodata.ThreadCANSendMe_attributes
                0x00000000080059cc       0x24 Core/Src/freertos.o
                0x00000000080059cc                ThreadCANSendMe_attributes
 .rodata.ThreadLEDSystem_attributes
                0x00000000080059f0       0x24 Core/Src/freertos.o
                0x00000000080059f0                ThreadLEDSystem_attributes
 .rodata.AHBPrescTable
                0x0000000008005a14       0x10 Core/Src/system_stm32f4xx.o
                0x0000000008005a14                AHBPrescTable
 .rodata.APBPrescTable
                0x0000000008005a24        0x8 Core/Src/system_stm32f4xx.o
                0x0000000008005a24                APBPrescTable
                0x0000000008005a2c                . = ALIGN (0x4)

.ARM.extab      0x0000000008005a2c        0x0
                0x0000000008005a2c                . = ALIGN (0x4)
 *(.ARM.extab* .gnu.linkonce.armextab.*)
                0x0000000008005a2c                . = ALIGN (0x4)

.ARM            0x0000000008005a2c        0x8
                0x0000000008005a2c                . = ALIGN (0x4)
                0x0000000008005a2c                __exidx_start = .
 *(.ARM.exidx*)
 .ARM.exidx     0x0000000008005a2c        0x8 e:/st/stm32cubeide_1.5.1/stm32cubeide/plugins/com.st.stm32cube.ide.mcu.externaltools.gnu-tools-for-stm32.7-2018-q2-update.win32_1.5.0.202011040924/tools/bin/../lib/gcc/arm-none-eabi/7.3.1/thumb/v7e-m/fpv4-sp/hard\libgcc.a(_udivmoddi4.o)
                0x0000000008005a34                __exidx_end = .
                0x0000000008005a34                . = ALIGN (0x4)

.rel.dyn        0x0000000008005a34        0x0
 .rel.iplt      0x0000000008005a34        0x0 e:/st/stm32cubeide_1.5.1/stm32cubeide/plugins/com.st.stm32cube.ide.mcu.externaltools.gnu-tools-for-stm32.7-2018-q2-update.win32_1.5.0.202011040924/tools/bin/../lib/gcc/arm-none-eabi/7.3.1/thumb/v7e-m/fpv4-sp/hard/crtbegin.o

.preinit_array  0x0000000008005a34        0x0
                0x0000000008005a34                . = ALIGN (0x4)
                0x0000000008005a34                PROVIDE (__preinit_array_start = .)
 *(.preinit_array*)
                0x0000000008005a34                PROVIDE (__preinit_array_end = .)
                0x0000000008005a34                . = ALIGN (0x4)

.init_array     0x0000000008005a34        0x4
                0x0000000008005a34                . = ALIGN (0x4)
                0x0000000008005a34                PROVIDE (__init_array_start = .)
 *(SORT_BY_NAME(.init_array.*))
 *(.init_array*)
 .init_array    0x0000000008005a34        0x4 e:/st/stm32cubeide_1.5.1/stm32cubeide/plugins/com.st.stm32cube.ide.mcu.externaltools.gnu-tools-for-stm32.7-2018-q2-update.win32_1.5.0.202011040924/tools/bin/../lib/gcc/arm-none-eabi/7.3.1/thumb/v7e-m/fpv4-sp/hard/crtbegin.o
                0x0000000008005a38                PROVIDE (__init_array_end = .)
                0x0000000008005a38                . = ALIGN (0x4)

.fini_array     0x0000000008005a38        0x4
                0x0000000008005a38                . = ALIGN (0x4)
                [!provide]                        PROVIDE (__fini_array_start = .)
 *(SORT_BY_NAME(.fini_array.*))
 *(.fini_array*)
 .fini_array    0x0000000008005a38        0x4 e:/st/stm32cubeide_1.5.1/stm32cubeide/plugins/com.st.stm32cube.ide.mcu.externaltools.gnu-tools-for-stm32.7-2018-q2-update.win32_1.5.0.202011040924/tools/bin/../lib/gcc/arm-none-eabi/7.3.1/thumb/v7e-m/fpv4-sp/hard/crtbegin.o
                [!provide]                        PROVIDE (__fini_array_end = .)
                0x0000000008005a3c                . = ALIGN (0x4)
                0x0000000008005a3c                _sidata = LOADADDR (.data)

.data           0x0000000020000000       0x10 load address 0x0000000008005a3c
                0x0000000020000000                . = ALIGN (0x4)
                0x0000000020000000                _sdata = .
 *(.data)
 *(.data*)
 .data.SystemCoreClock
                0x0000000020000000        0x4 Core/Src/system_stm32f4xx.o
                0x0000000020000000                SystemCoreClock
 .data.uwTickPrio
                0x0000000020000004        0x4 Drivers/STM32F4xx_HAL_Driver/Src/stm32f4xx_hal.o
                0x0000000020000004                uwTickPrio
 .data.uwTickFreq
                0x0000000020000008        0x1 Drivers/STM32F4xx_HAL_Driver/Src/stm32f4xx_hal.o
                0x0000000020000008                uwTickFreq
 *fill*         0x0000000020000009        0x3 
 .data.uxCriticalNesting
                0x000000002000000c        0x4 Middlewares/Third_Party/FreeRTOS/Source/portable/GCC/ARM_CM4F/port.o
 *(.RamFunc)
 *(.RamFunc*)
                0x0000000020000010                . = ALIGN (0x4)
                0x0000000020000010                _edata = .

.igot.plt       0x0000000020000010        0x0 load address 0x0000000008005a4c
 .igot.plt      0x0000000020000010        0x0 e:/st/stm32cubeide_1.5.1/stm32cubeide/plugins/com.st.stm32cube.ide.mcu.externaltools.gnu-tools-for-stm32.7-2018-q2-update.win32_1.5.0.202011040924/tools/bin/../lib/gcc/arm-none-eabi/7.3.1/thumb/v7e-m/fpv4-sp/hard/crtbegin.o
                0x0000000020000010                . = ALIGN (0x4)

.bss            0x0000000020000010     0x4a48 load address 0x0000000008005a4c
                0x0000000020000010                _sbss = .
                0x0000000020000010                __bss_start__ = _sbss
 *(.bss)
 .bss           0x0000000020000010       0x1c e:/st/stm32cubeide_1.5.1/stm32cubeide/plugins/com.st.stm32cube.ide.mcu.externaltools.gnu-tools-for-stm32.7-2018-q2-update.win32_1.5.0.202011040924/tools/bin/../lib/gcc/arm-none-eabi/7.3.1/thumb/v7e-m/fpv4-sp/hard/crtbegin.o
 *(.bss*)
 .bss.xCANTxHeader
                0x000000002000002c       0x18 Core/BFFT/Source/BFFT_CAN.o
 .bss.xCANRxHeader
                0x0000000020000044       0x1c Core/BFFT/Source/BFFT_CAN.o
 .bss.xCANFilter
                0x0000000020000060       0x28 Core/BFFT/Source/BFFT_CAN.o
 .bss.u32CANTxBufferNumber
                0x0000000020000088        0x4 Core/BFFT/Source/BFFT_CAN.o
 .bss.au32CANDataValidationCounters
                0x000000002000008c        0x8 Core/BFFT/Source/BFFT_CAN.o
 .bss.au8RxData
                0x0000000020000094        0x4 Core/BFFT/Source/BFFT_CAN.o
 .bss.KernelState
                0x0000000020000098        0x4 Middlewares/Third_Party/FreeRTOS/Source/CMSIS_RTOS_V2/cmsis_os2.o
 .bss.Idle_TCB  0x000000002000009c       0x5c Middlewares/Third_Party/FreeRTOS/Source/CMSIS_RTOS_V2/cmsis_os2.o
 .bss.Idle_Stack
                0x00000000200000f8      0x200 Middlewares/Third_Party/FreeRTOS/Source/CMSIS_RTOS_V2/cmsis_os2.o
 .bss.Timer_TCB
                0x00000000200002f8       0x5c Middlewares/Third_Party/FreeRTOS/Source/CMSIS_RTOS_V2/cmsis_os2.o
 .bss.Timer_Stack
                0x0000000020000354      0x400 Middlewares/Third_Party/FreeRTOS/Source/CMSIS_RTOS_V2/cmsis_os2.o
 .bss.pxCurrentTCB
                0x0000000020000754        0x4 Middlewares/Third_Party/FreeRTOS/Source/tasks.o
                0x0000000020000754                pxCurrentTCB
 .bss.pxReadyTasksLists
                0x0000000020000758      0x460 Middlewares/Third_Party/FreeRTOS/Source/tasks.o
 .bss.xDelayedTaskList1
                0x0000000020000bb8       0x14 Middlewares/Third_Party/FreeRTOS/Source/tasks.o
 .bss.xDelayedTaskList2
                0x0000000020000bcc       0x14 Middlewares/Third_Party/FreeRTOS/Source/tasks.o
 .bss.pxDelayedTaskList
                0x0000000020000be0        0x4 Middlewares/Third_Party/FreeRTOS/Source/tasks.o
 .bss.pxOverflowDelayedTaskList
                0x0000000020000be4        0x4 Middlewares/Third_Party/FreeRTOS/Source/tasks.o
 .bss.xPendingReadyList
                0x0000000020000be8       0x14 Middlewares/Third_Party/FreeRTOS/Source/tasks.o
 .bss.xTasksWaitingTermination
                0x0000000020000bfc       0x14 Middlewares/Third_Party/FreeRTOS/Source/tasks.o
 .bss.uxDeletedTasksWaitingCleanUp
                0x0000000020000c10        0x4 Middlewares/Third_Party/FreeRTOS/Source/tasks.o
 .bss.xSuspendedTaskList
                0x0000000020000c14       0x14 Middlewares/Third_Party/FreeRTOS/Source/tasks.o
 .bss.uxCurrentNumberOfTasks
                0x0000000020000c28        0x4 Middlewares/Third_Party/FreeRTOS/Source/tasks.o
 .bss.xTickCount
                0x0000000020000c2c        0x4 Middlewares/Third_Party/FreeRTOS/Source/tasks.o
 .bss.uxTopReadyPriority
                0x0000000020000c30        0x4 Middlewares/Third_Party/FreeRTOS/Source/tasks.o
 .bss.xSchedulerRunning
                0x0000000020000c34        0x4 Middlewares/Third_Party/FreeRTOS/Source/tasks.o
 .bss.uxPendedTicks
                0x0000000020000c38        0x4 Middlewares/Third_Party/FreeRTOS/Source/tasks.o
 .bss.xYieldPending
                0x0000000020000c3c        0x4 Middlewares/Third_Party/FreeRTOS/Source/tasks.o
 .bss.xNumOfOverflows
                0x0000000020000c40        0x4 Middlewares/Third_Party/FreeRTOS/Source/tasks.o
 .bss.uxTaskNumber
                0x0000000020000c44        0x4 Middlewares/Third_Party/FreeRTOS/Source/tasks.o
 .bss.xNextTaskUnblockTime
                0x0000000020000c48        0x4 Middlewares/Third_Party/FreeRTOS/Source/tasks.o
 .bss.xIdleTaskHandle
                0x0000000020000c4c        0x4 Middlewares/Third_Party/FreeRTOS/Source/tasks.o
 .bss.uxSchedulerSuspended
                0x0000000020000c50        0x4 Middlewares/Third_Party/FreeRTOS/Source/tasks.o
 .bss.xActiveTimerList1
                0x0000000020000c54       0x14 Middlewares/Third_Party/FreeRTOS/Source/timers.o
 .bss.xActiveTimerList2
                0x0000000020000c68       0x14 Middlewares/Third_Party/FreeRTOS/Source/timers.o
 .bss.pxCurrentTimerList
                0x0000000020000c7c        0x4 Middlewares/Third_Party/FreeRTOS/Source/timers.o
 .bss.pxOverflowTimerList
                0x0000000020000c80        0x4 Middlewares/Third_Party/FreeRTOS/Source/timers.o
 .bss.xTimerQueue
                0x0000000020000c84        0x4 Middlewares/Third_Party/FreeRTOS/Source/timers.o
 .bss.xTimerTaskHandle
                0x0000000020000c88        0x4 Middlewares/Third_Party/FreeRTOS/Source/timers.o
 .bss.xLastTime.6741
                0x0000000020000c8c        0x4 Middlewares/Third_Party/FreeRTOS/Source/timers.o
 .bss.ucStaticTimerQueueStorage.6792
                0x0000000020000c90       0xa0 Middlewares/Third_Party/FreeRTOS/Source/timers.o
 .bss.xStaticTimerQueue.6791
                0x0000000020000d30       0x50 Middlewares/Third_Party/FreeRTOS/Source/timers.o
 .bss.ucMaxSysCallPriority
                0x0000000020000d80        0x1 Middlewares/Third_Party/FreeRTOS/Source/portable/GCC/ARM_CM4F/port.o
 *fill*         0x0000000020000d81        0x3 
 .bss.ulMaxPRIGROUPValue
                0x0000000020000d84        0x4 Middlewares/Third_Party/FreeRTOS/Source/portable/GCC/ARM_CM4F/port.o
 .bss.ucHeap    0x0000000020000d88     0x3c00 Middlewares/Third_Party/FreeRTOS/Source/portable/MemMang/heap_4.o
 .bss.xStart    0x0000000020004988        0x8 Middlewares/Third_Party/FreeRTOS/Source/portable/MemMang/heap_4.o
 .bss.pxEnd     0x0000000020004990        0x4 Middlewares/Third_Party/FreeRTOS/Source/portable/MemMang/heap_4.o
 .bss.xFreeBytesRemaining
                0x0000000020004994        0x4 Middlewares/Third_Party/FreeRTOS/Source/portable/MemMang/heap_4.o
 .bss.xMinimumEverFreeBytesRemaining
                0x0000000020004998        0x4 Middlewares/Third_Party/FreeRTOS/Source/portable/MemMang/heap_4.o
 .bss.xBlockAllocatedBit
                0x000000002000499c        0x4 Middlewares/Third_Party/FreeRTOS/Source/portable/MemMang/heap_4.o
 *(COMMON)
 COMMON         0x00000000200049a0       0x28 Core/Src/can.o
                0x00000000200049a0                hcan1
 COMMON         0x00000000200049c8        0xc Core/Src/freertos.o
                0x00000000200049c8                ThreadCANSendMeHandle
                0x00000000200049cc                defaultTaskHandle
                0x00000000200049d0                ThreadLEDSystemHandle
 COMMON         0x00000000200049d4       0x40 Core/Src/stm32f4xx_hal_timebase_tim.o
                0x00000000200049d4                htim1
 COMMON         0x0000000020004a14        0x4 Drivers/STM32F4xx_HAL_Driver/Src/stm32f4xx_hal.o
                0x0000000020004a14                uwTick
 COMMON         0x0000000020004a18       0x40 Middlewares/Third_Party/FreeRTOS/Source/queue.o
                0x0000000020004a18                xQueueRegistry
                0x0000000020004a58                . = ALIGN (0x4)
                0x0000000020004a58                _ebss = .
                0x0000000020004a58                __bss_end__ = _ebss

._user_heap_stack
                0x0000000020004a58      0x400 load address 0x0000000008005a4c
                0x0000000020004a58                . = ALIGN (0x8)
                [!provide]                        PROVIDE (end = .)
                0x0000000020004a58                PROVIDE (_end = .)
                0x0000000020004a58                . = (. + _Min_Heap_Size)
                0x0000000020004e58                . = (. + _Min_Stack_Size)
 *fill*         0x0000000020004a58      0x400 
                0x0000000020004e58                . = ALIGN (0x8)

/DISCARD/
 libc.a(*)
 libm.a(*)
 libgcc.a(*)

.ARM.attributes
                0x0000000000000000       0x30
 *(.ARM.attributes)
 .ARM.attributes
                0x0000000000000000       0x22 e:/st/stm32cubeide_1.5.1/stm32cubeide/plugins/com.st.stm32cube.ide.mcu.externaltools.gnu-tools-for-stm32.7-2018-q2-update.win32_1.5.0.202011040924/tools/bin/../lib/gcc/arm-none-eabi/7.3.1/thumb/v7e-m/fpv4-sp/hard/crti.o
 .ARM.attributes
                0x0000000000000022       0x34 e:/st/stm32cubeide_1.5.1/stm32cubeide/plugins/com.st.stm32cube.ide.mcu.externaltools.gnu-tools-for-stm32.7-2018-q2-update.win32_1.5.0.202011040924/tools/bin/../lib/gcc/arm-none-eabi/7.3.1/thumb/v7e-m/fpv4-sp/hard/crtbegin.o
 .ARM.attributes
                0x0000000000000056       0x39 Core/BFFT/Source/BFFT_CAN.o
 .ARM.attributes
                0x000000000000008f       0x39 Core/BFFT/Source/BFFT_SystemStatusLED.o
 .ARM.attributes
                0x00000000000000c8       0x39 Core/Src/can.o
 .ARM.attributes
                0x0000000000000101       0x39 Core/Src/freertos.o
 .ARM.attributes
                0x000000000000013a       0x39 Core/Src/gpio.o
 .ARM.attributes
                0x0000000000000173       0x39 Core/Src/main.o
 .ARM.attributes
                0x00000000000001ac       0x39 Core/Src/stm32f4xx_hal_msp.o
 .ARM.attributes
                0x00000000000001e5       0x39 Core/Src/stm32f4xx_hal_timebase_tim.o
 .ARM.attributes
                0x000000000000021e       0x39 Core/Src/stm32f4xx_it.o
 .ARM.attributes
                0x0000000000000257       0x39 Core/Src/system_stm32f4xx.o
 .ARM.attributes
                0x0000000000000290       0x21 Core/Startup/startup_stm32f429zitx.o
 .ARM.attributes
                0x00000000000002b1       0x39 Drivers/STM32F4xx_HAL_Driver/Src/stm32f4xx_hal.o
 .ARM.attributes
                0x00000000000002ea       0x39 Drivers/STM32F4xx_HAL_Driver/Src/stm32f4xx_hal_can.o
 .ARM.attributes
                0x0000000000000323       0x39 Drivers/STM32F4xx_HAL_Driver/Src/stm32f4xx_hal_cortex.o
 .ARM.attributes
                0x000000000000035c       0x39 Drivers/STM32F4xx_HAL_Driver/Src/stm32f4xx_hal_gpio.o
 .ARM.attributes
                0x0000000000000395       0x39 Drivers/STM32F4xx_HAL_Driver/Src/stm32f4xx_hal_rcc.o
 .ARM.attributes
                0x00000000000003ce       0x39 Drivers/STM32F4xx_HAL_Driver/Src/stm32f4xx_hal_tim.o
 .ARM.attributes
                0x0000000000000407       0x39 Drivers/STM32F4xx_HAL_Driver/Src/stm32f4xx_hal_tim_ex.o
 .ARM.attributes
                0x0000000000000440       0x39 Middlewares/Third_Party/FreeRTOS/Source/CMSIS_RTOS_V2/cmsis_os2.o
 .ARM.attributes
                0x0000000000000479       0x39 Middlewares/Third_Party/FreeRTOS/Source/list.o
 .ARM.attributes
                0x00000000000004b2       0x39 Middlewares/Third_Party/FreeRTOS/Source/queue.o
 .ARM.attributes
                0x00000000000004eb       0x39 Middlewares/Third_Party/FreeRTOS/Source/tasks.o
 .ARM.attributes
                0x0000000000000524       0x39 Middlewares/Third_Party/FreeRTOS/Source/timers.o
 .ARM.attributes
                0x000000000000055d       0x39 Middlewares/Third_Party/FreeRTOS/Source/portable/GCC/ARM_CM4F/port.o
 .ARM.attributes
                0x0000000000000596       0x39 Middlewares/Third_Party/FreeRTOS/Source/portable/MemMang/heap_4.o
 .ARM.attributes
                0x00000000000005cf       0x34 e:/st/stm32cubeide_1.5.1/stm32cubeide/plugins/com.st.stm32cube.ide.mcu.externaltools.gnu-tools-for-stm32.7-2018-q2-update.win32_1.5.0.202011040924/tools/bin/../lib/gcc/arm-none-eabi/7.3.1/../../../../arm-none-eabi/lib/thumb/v7e-m/fpv4-sp/hard\libc_nano.a(lib_a-init.o)
 .ARM.attributes
                0x0000000000000603       0x34 e:/st/stm32cubeide_1.5.1/stm32cubeide/plugins/com.st.stm32cube.ide.mcu.externaltools.gnu-tools-for-stm32.7-2018-q2-update.win32_1.5.0.202011040924/tools/bin/../lib/gcc/arm-none-eabi/7.3.1/../../../../arm-none-eabi/lib/thumb/v7e-m/fpv4-sp/hard\libc_nano.a(lib_a-memcmp.o)
 .ARM.attributes
                0x0000000000000637       0x34 e:/st/stm32cubeide_1.5.1/stm32cubeide/plugins/com.st.stm32cube.ide.mcu.externaltools.gnu-tools-for-stm32.7-2018-q2-update.win32_1.5.0.202011040924/tools/bin/../lib/gcc/arm-none-eabi/7.3.1/../../../../arm-none-eabi/lib/thumb/v7e-m/fpv4-sp/hard\libc_nano.a(lib_a-memcpy-stub.o)
 .ARM.attributes
                0x000000000000066b       0x34 e:/st/stm32cubeide_1.5.1/stm32cubeide/plugins/com.st.stm32cube.ide.mcu.externaltools.gnu-tools-for-stm32.7-2018-q2-update.win32_1.5.0.202011040924/tools/bin/../lib/gcc/arm-none-eabi/7.3.1/../../../../arm-none-eabi/lib/thumb/v7e-m/fpv4-sp/hard\libc_nano.a(lib_a-memset.o)
 .ARM.attributes
                0x000000000000069f       0x22 e:/st/stm32cubeide_1.5.1/stm32cubeide/plugins/com.st.stm32cube.ide.mcu.externaltools.gnu-tools-for-stm32.7-2018-q2-update.win32_1.5.0.202011040924/tools/bin/../lib/gcc/arm-none-eabi/7.3.1/thumb/v7e-m/fpv4-sp/hard\libgcc.a(_aeabi_uldivmod.o)
 .ARM.attributes
                0x00000000000006c1       0x34 e:/st/stm32cubeide_1.5.1/stm32cubeide/plugins/com.st.stm32cube.ide.mcu.externaltools.gnu-tools-for-stm32.7-2018-q2-update.win32_1.5.0.202011040924/tools/bin/../lib/gcc/arm-none-eabi/7.3.1/thumb/v7e-m/fpv4-sp/hard\libgcc.a(_udivmoddi4.o)
 .ARM.attributes
                0x00000000000006f5       0x22 e:/st/stm32cubeide_1.5.1/stm32cubeide/plugins/com.st.stm32cube.ide.mcu.externaltools.gnu-tools-for-stm32.7-2018-q2-update.win32_1.5.0.202011040924/tools/bin/../lib/gcc/arm-none-eabi/7.3.1/thumb/v7e-m/fpv4-sp/hard\libgcc.a(_dvmd_tls.o)
 .ARM.attributes
                0x0000000000000717       0x22 e:/st/stm32cubeide_1.5.1/stm32cubeide/plugins/com.st.stm32cube.ide.mcu.externaltools.gnu-tools-for-stm32.7-2018-q2-update.win32_1.5.0.202011040924/tools/bin/../lib/gcc/arm-none-eabi/7.3.1/thumb/v7e-m/fpv4-sp/hard/crtn.o
OUTPUT(FreeRTOS_Node_Testing.elf elf32-littlearm)

.debug_info     0x0000000000000000    0x1d0ec
 .debug_info    0x0000000000000000     0x10ad Core/BFFT/Source/BFFT_CAN.o
 .debug_info    0x00000000000010ad      0xe34 Core/BFFT/Source/BFFT_SystemStatusLED.o
 .debug_info    0x0000000000001ee1     0x132a Core/Src/can.o
 .debug_info    0x000000000000320b     0x1041 Core/Src/freertos.o
 .debug_info    0x000000000000424c     0x1086 Core/Src/gpio.o
 .debug_info    0x00000000000052d2     0x15f7 Core/Src/main.o
 .debug_info    0x00000000000068c9     0x1196 Core/Src/stm32f4xx_hal_msp.o
 .debug_info    0x0000000000007a5f      0xb7d Core/Src/stm32f4xx_hal_timebase_tim.o
 .debug_info    0x00000000000085dc     0x1287 Core/Src/stm32f4xx_it.o
 .debug_info    0x0000000000009863      0x56e Core/Src/system_stm32f4xx.o
 .debug_info    0x0000000000009dd1       0x22 Core/Startup/startup_stm32f429zitx.o
 .debug_info    0x0000000000009df3      0x9b9 Drivers/STM32F4xx_HAL_Driver/Src/stm32f4xx_hal.o
 .debug_info    0x000000000000a7ac      0xfaf Drivers/STM32F4xx_HAL_Driver/Src/stm32f4xx_hal_can.o
 .debug_info    0x000000000000b75b      0xe5e Drivers/STM32F4xx_HAL_Driver/Src/stm32f4xx_hal_cortex.o
 .debug_info    0x000000000000c5b9      0x7cf Drivers/STM32F4xx_HAL_Driver/Src/stm32f4xx_hal_gpio.o
 .debug_info    0x000000000000cd88      0x91e Drivers/STM32F4xx_HAL_Driver/Src/stm32f4xx_hal_rcc.o
 .debug_info    0x000000000000d6a6     0x24a9 Drivers/STM32F4xx_HAL_Driver/Src/stm32f4xx_hal_tim.o
 .debug_info    0x000000000000fb4f     0x1157 Drivers/STM32F4xx_HAL_Driver/Src/stm32f4xx_hal_tim_ex.o
 .debug_info    0x0000000000010ca6     0x4031 Middlewares/Third_Party/FreeRTOS/Source/CMSIS_RTOS_V2/cmsis_os2.o
 .debug_info    0x0000000000014cd7      0xacb Middlewares/Third_Party/FreeRTOS/Source/list.o
 .debug_info    0x00000000000157a2     0x239c Middlewares/Third_Party/FreeRTOS/Source/queue.o
 .debug_info    0x0000000000017b3e     0x29d7 Middlewares/Third_Party/FreeRTOS/Source/tasks.o
 .debug_info    0x000000000001a515     0x1aba Middlewares/Third_Party/FreeRTOS/Source/timers.o
 .debug_info    0x000000000001bfcf      0x533 Middlewares/Third_Party/FreeRTOS/Source/portable/GCC/ARM_CM4F/port.o
 .debug_info    0x000000000001c502      0xbea Middlewares/Third_Party/FreeRTOS/Source/portable/MemMang/heap_4.o

.debug_abbrev   0x0000000000000000     0x3692
 .debug_abbrev  0x0000000000000000      0x246 Core/BFFT/Source/BFFT_CAN.o
 .debug_abbrev  0x0000000000000246      0x1cd Core/BFFT/Source/BFFT_SystemStatusLED.o
 .debug_abbrev  0x0000000000000413      0x22f Core/Src/can.o
 .debug_abbrev  0x0000000000000642      0x233 Core/Src/freertos.o
 .debug_abbrev  0x0000000000000875      0x1f0 Core/Src/gpio.o
 .debug_abbrev  0x0000000000000a65      0x264 Core/Src/main.o
 .debug_abbrev  0x0000000000000cc9      0x1f9 Core/Src/stm32f4xx_hal_msp.o
 .debug_abbrev  0x0000000000000ec2      0x19d Core/Src/stm32f4xx_hal_timebase_tim.o
 .debug_abbrev  0x000000000000105f      0x1f6 Core/Src/stm32f4xx_it.o
 .debug_abbrev  0x0000000000001255      0x12b Core/Src/system_stm32f4xx.o
 .debug_abbrev  0x0000000000001380       0x12 Core/Startup/startup_stm32f429zitx.o
 .debug_abbrev  0x0000000000001392      0x1c7 Drivers/STM32F4xx_HAL_Driver/Src/stm32f4xx_hal.o
 .debug_abbrev  0x0000000000001559      0x21d Drivers/STM32F4xx_HAL_Driver/Src/stm32f4xx_hal_can.o
 .debug_abbrev  0x0000000000001776      0x2fa Drivers/STM32F4xx_HAL_Driver/Src/stm32f4xx_hal_cortex.o
 .debug_abbrev  0x0000000000001a70      0x1c9 Drivers/STM32F4xx_HAL_Driver/Src/stm32f4xx_hal_gpio.o
 .debug_abbrev  0x0000000000001c39      0x245 Drivers/STM32F4xx_HAL_Driver/Src/stm32f4xx_hal_rcc.o
 .debug_abbrev  0x0000000000001e7e      0x230 Drivers/STM32F4xx_HAL_Driver/Src/stm32f4xx_hal_tim.o
 .debug_abbrev  0x00000000000020ae      0x21e Drivers/STM32F4xx_HAL_Driver/Src/stm32f4xx_hal_tim_ex.o
 .debug_abbrev  0x00000000000022cc      0x3db Middlewares/Third_Party/FreeRTOS/Source/CMSIS_RTOS_V2/cmsis_os2.o
 .debug_abbrev  0x00000000000026a7      0x1cf Middlewares/Third_Party/FreeRTOS/Source/list.o
 .debug_abbrev  0x0000000000002876      0x336 Middlewares/Third_Party/FreeRTOS/Source/queue.o
 .debug_abbrev  0x0000000000002bac      0x361 Middlewares/Third_Party/FreeRTOS/Source/tasks.o
 .debug_abbrev  0x0000000000002f0d      0x2d7 Middlewares/Third_Party/FreeRTOS/Source/timers.o
 .debug_abbrev  0x00000000000031e4      0x210 Middlewares/Third_Party/FreeRTOS/Source/portable/GCC/ARM_CM4F/port.o
 .debug_abbrev  0x00000000000033f4      0x29e Middlewares/Third_Party/FreeRTOS/Source/portable/MemMang/heap_4.o

.debug_aranges  0x0000000000000000     0x12e0
 .debug_aranges
                0x0000000000000000       0x50 Core/BFFT/Source/BFFT_CAN.o
 .debug_aranges
                0x0000000000000050       0x30 Core/BFFT/Source/BFFT_SystemStatusLED.o
 .debug_aranges
                0x0000000000000080       0x30 Core/Src/can.o
 .debug_aranges
                0x00000000000000b0       0x40 Core/Src/freertos.o
 .debug_aranges
                0x00000000000000f0       0x20 Core/Src/gpio.o
 .debug_aranges
                0x0000000000000110       0x38 Core/Src/main.o
 .debug_aranges
                0x0000000000000148       0x20 Core/Src/stm32f4xx_hal_msp.o
 .debug_aranges
                0x0000000000000168       0x30 Core/Src/stm32f4xx_hal_timebase_tim.o
 .debug_aranges
                0x0000000000000198       0x58 Core/Src/stm32f4xx_it.o
 .debug_aranges
                0x00000000000001f0       0x28 Core/Src/system_stm32f4xx.o
 .debug_aranges
                0x0000000000000218       0x28 Core/Startup/startup_stm32f429zitx.o
 .debug_aranges
                0x0000000000000240      0x100 Drivers/STM32F4xx_HAL_Driver/Src/stm32f4xx_hal.o
 .debug_aranges
                0x0000000000000340      0x138 Drivers/STM32F4xx_HAL_Driver/Src/stm32f4xx_hal_can.o
 .debug_aranges
                0x0000000000000478      0x118 Drivers/STM32F4xx_HAL_Driver/Src/stm32f4xx_hal_cortex.o
 .debug_aranges
                0x0000000000000590       0x58 Drivers/STM32F4xx_HAL_Driver/Src/stm32f4xx_hal_gpio.o
 .debug_aranges
                0x00000000000005e8       0x88 Drivers/STM32F4xx_HAL_Driver/Src/stm32f4xx_hal_rcc.o
 .debug_aranges
                0x0000000000000670      0x3a8 Drivers/STM32F4xx_HAL_Driver/Src/stm32f4xx_hal_tim.o
 .debug_aranges
                0x0000000000000a18      0x150 Drivers/STM32F4xx_HAL_Driver/Src/stm32f4xx_hal_tim_ex.o
 .debug_aranges
                0x0000000000000b68      0x230 Middlewares/Third_Party/FreeRTOS/Source/CMSIS_RTOS_V2/cmsis_os2.o
 .debug_aranges
                0x0000000000000d98       0x40 Middlewares/Third_Party/FreeRTOS/Source/list.o
 .debug_aranges
                0x0000000000000dd8      0x158 Middlewares/Third_Party/FreeRTOS/Source/queue.o
 .debug_aranges
                0x0000000000000f30      0x1f8 Middlewares/Third_Party/FreeRTOS/Source/tasks.o
 .debug_aranges
                0x0000000000001128       0xe8 Middlewares/Third_Party/FreeRTOS/Source/timers.o
 .debug_aranges
                0x0000000000001210       0x80 Middlewares/Third_Party/FreeRTOS/Source/portable/GCC/ARM_CM4F/port.o
 .debug_aranges
                0x0000000000001290       0x50 Middlewares/Third_Party/FreeRTOS/Source/portable/MemMang/heap_4.o

.debug_ranges   0x0000000000000000     0x1158
 .debug_ranges  0x0000000000000000       0x40 Core/BFFT/Source/BFFT_CAN.o
 .debug_ranges  0x0000000000000040       0x20 Core/BFFT/Source/BFFT_SystemStatusLED.o
 .debug_ranges  0x0000000000000060       0x20 Core/Src/can.o
 .debug_ranges  0x0000000000000080       0x30 Core/Src/freertos.o
 .debug_ranges  0x00000000000000b0       0x10 Core/Src/gpio.o
 .debug_ranges  0x00000000000000c0       0x28 Core/Src/main.o
 .debug_ranges  0x00000000000000e8       0x10 Core/Src/stm32f4xx_hal_msp.o
 .debug_ranges  0x00000000000000f8       0x20 Core/Src/stm32f4xx_hal_timebase_tim.o
 .debug_ranges  0x0000000000000118       0x48 Core/Src/stm32f4xx_it.o
 .debug_ranges  0x0000000000000160       0x18 Core/Src/system_stm32f4xx.o
 .debug_ranges  0x0000000000000178       0x20 Core/Startup/startup_stm32f429zitx.o
 .debug_ranges  0x0000000000000198       0xf0 Drivers/STM32F4xx_HAL_Driver/Src/stm32f4xx_hal.o
 .debug_ranges  0x0000000000000288      0x128 Drivers/STM32F4xx_HAL_Driver/Src/stm32f4xx_hal_can.o
 .debug_ranges  0x00000000000003b0      0x108 Drivers/STM32F4xx_HAL_Driver/Src/stm32f4xx_hal_cortex.o
 .debug_ranges  0x00000000000004b8       0x48 Drivers/STM32F4xx_HAL_Driver/Src/stm32f4xx_hal_gpio.o
 .debug_ranges  0x0000000000000500       0x78 Drivers/STM32F4xx_HAL_Driver/Src/stm32f4xx_hal_rcc.o
 .debug_ranges  0x0000000000000578      0x398 Drivers/STM32F4xx_HAL_Driver/Src/stm32f4xx_hal_tim.o
 .debug_ranges  0x0000000000000910      0x140 Drivers/STM32F4xx_HAL_Driver/Src/stm32f4xx_hal_tim_ex.o
 .debug_ranges  0x0000000000000a50      0x220 Middlewares/Third_Party/FreeRTOS/Source/CMSIS_RTOS_V2/cmsis_os2.o
 .debug_ranges  0x0000000000000c70       0x30 Middlewares/Third_Party/FreeRTOS/Source/list.o
 .debug_ranges  0x0000000000000ca0      0x148 Middlewares/Third_Party/FreeRTOS/Source/queue.o
 .debug_ranges  0x0000000000000de8      0x1e8 Middlewares/Third_Party/FreeRTOS/Source/tasks.o
 .debug_ranges  0x0000000000000fd0       0xd8 Middlewares/Third_Party/FreeRTOS/Source/timers.o
 .debug_ranges  0x00000000000010a8       0x70 Middlewares/Third_Party/FreeRTOS/Source/portable/GCC/ARM_CM4F/port.o
 .debug_ranges  0x0000000000001118       0x40 Middlewares/Third_Party/FreeRTOS/Source/portable/MemMang/heap_4.o

.debug_macro    0x0000000000000000    0x265cf
 .debug_macro   0x0000000000000000      0x2e3 Core/BFFT/Source/BFFT_CAN.o
 .debug_macro   0x00000000000002e3      0xa5a Core/BFFT/Source/BFFT_CAN.o
 .debug_macro   0x0000000000000d3d       0x22 Core/BFFT/Source/BFFT_CAN.o
 .debug_macro   0x0000000000000d5f       0x40 Core/BFFT/Source/BFFT_CAN.o
 .debug_macro   0x0000000000000d9f       0x18 Core/BFFT/Source/BFFT_CAN.o
 .debug_macro   0x0000000000000db7       0x94 Core/BFFT/Source/BFFT_CAN.o
 .debug_macro   0x0000000000000e4b       0x3c Core/BFFT/Source/BFFT_CAN.o
 .debug_macro   0x0000000000000e87       0x34 Core/BFFT/Source/BFFT_CAN.o
 .debug_macro   0x0000000000000ebb      0x174 Core/BFFT/Source/BFFT_CAN.o
 .debug_macro   0x000000000000102f       0x57 Core/BFFT/Source/BFFT_CAN.o
 .debug_macro   0x0000000000001086       0x52 Core/BFFT/Source/BFFT_CAN.o
 .debug_macro   0x00000000000010d8       0x1f Core/BFFT/Source/BFFT_CAN.o
 .debug_macro   0x00000000000010f7       0x43 Core/BFFT/Source/BFFT_CAN.o
 .debug_macro   0x000000000000113a       0x20 Core/BFFT/Source/BFFT_CAN.o
 .debug_macro   0x000000000000115a      0x1a3 Core/BFFT/Source/BFFT_CAN.o
 .debug_macro   0x00000000000012fd      0x330 Core/BFFT/Source/BFFT_CAN.o
 .debug_macro   0x000000000000162d       0x10 Core/BFFT/Source/BFFT_CAN.o
 .debug_macro   0x000000000000163d       0x35 Core/BFFT/Source/BFFT_CAN.o
 .debug_macro   0x0000000000001672       0x20 Core/BFFT/Source/BFFT_CAN.o
 .debug_macro   0x0000000000001692       0xef Core/BFFT/Source/BFFT_CAN.o
 .debug_macro   0x0000000000001781       0x6a Core/BFFT/Source/BFFT_CAN.o
 .debug_macro   0x00000000000017eb      0x1df Core/BFFT/Source/BFFT_CAN.o
 .debug_macro   0x00000000000019ca      0x294 Core/BFFT/Source/BFFT_CAN.o
 .debug_macro   0x0000000000001c5e       0x2e Core/BFFT/Source/BFFT_CAN.o
 .debug_macro   0x0000000000001c8c       0x28 Core/BFFT/Source/BFFT_CAN.o
 .debug_macro   0x0000000000001cb4       0x1c Core/BFFT/Source/BFFT_CAN.o
 .debug_macro   0x0000000000001cd0       0x22 Core/BFFT/Source/BFFT_CAN.o
 .debug_macro   0x0000000000001cf2       0xd9 Core/BFFT/Source/BFFT_CAN.o
 .debug_macro   0x0000000000001dcb     0x102d Core/BFFT/Source/BFFT_CAN.o
 .debug_macro   0x0000000000002df8      0x11f Core/BFFT/Source/BFFT_CAN.o
 .debug_macro   0x0000000000002f17    0x17f69 Core/BFFT/Source/BFFT_CAN.o
 .debug_macro   0x000000000001ae80       0x43 Core/BFFT/Source/BFFT_CAN.o
 .debug_macro   0x000000000001aec3     0x36c9 Core/BFFT/Source/BFFT_CAN.o
 .debug_macro   0x000000000001e58c       0x54 Core/BFFT/Source/BFFT_CAN.o
 .debug_macro   0x000000000001e5e0      0xca5 Core/BFFT/Source/BFFT_CAN.o
 .debug_macro   0x000000000001f285      0x9fe Core/BFFT/Source/BFFT_CAN.o
 .debug_macro   0x000000000001fc83      0x117 Core/BFFT/Source/BFFT_CAN.o
 .debug_macro   0x000000000001fd9a      0x157 Core/BFFT/Source/BFFT_CAN.o
 .debug_macro   0x000000000001fef1       0x27 Core/BFFT/Source/BFFT_CAN.o
 .debug_macro   0x000000000001ff18      0x182 Core/BFFT/Source/BFFT_CAN.o
 .debug_macro   0x000000000002009a      0x287 Core/BFFT/Source/BFFT_CAN.o
 .debug_macro   0x0000000000020321       0x5f Core/BFFT/Source/BFFT_CAN.o
 .debug_macro   0x0000000000020380      0x236 Core/BFFT/Source/BFFT_CAN.o
 .debug_macro   0x00000000000205b6      0x40f Core/BFFT/Source/BFFT_CAN.o
 .debug_macro   0x00000000000209c5      0x132 Core/BFFT/Source/BFFT_CAN.o
 .debug_macro   0x0000000000020af7      0x41d Core/BFFT/Source/BFFT_CAN.o
 .debug_macro   0x0000000000020f14       0x2e Core/BFFT/Source/BFFT_CAN.o
 .debug_macro   0x0000000000020f42      0x11a Core/BFFT/Source/BFFT_CAN.o
 .debug_macro   0x000000000002105c       0xe2 Core/BFFT/Source/BFFT_CAN.o
 .debug_macro   0x000000000002113e       0x89 Core/BFFT/Source/BFFT_CAN.o
 .debug_macro   0x00000000000211c7      0x8a0 Core/BFFT/Source/BFFT_CAN.o
 .debug_macro   0x0000000000021a67       0x47 Core/BFFT/Source/BFFT_CAN.o
 .debug_macro   0x0000000000021aae      0x134 Core/BFFT/Source/BFFT_CAN.o
 .debug_macro   0x0000000000021be2       0x28 Core/BFFT/Source/BFFT_CAN.o
 .debug_macro   0x0000000000021c0a       0x16 Core/BFFT/Source/BFFT_CAN.o
 .debug_macro   0x0000000000021c20      0x2d1 Core/BFFT/Source/BFFT_SystemStatusLED.o
 .debug_macro   0x0000000000021ef1      0x2db Core/Src/can.o
 .debug_macro   0x00000000000221cc       0x8e Core/Src/can.o
 .debug_macro   0x000000000002225a       0x51 Core/Src/can.o
 .debug_macro   0x00000000000222ab       0xdf Core/Src/can.o
 .debug_macro   0x000000000002238a       0x5a Core/Src/can.o
 .debug_macro   0x00000000000223e4       0x46 Core/Src/can.o
 .debug_macro   0x000000000002242a      0x32a Core/Src/can.o
 .debug_macro   0x0000000000022754      0x361 Core/Src/freertos.o
 .debug_macro   0x0000000000022ab5      0x137 Core/Src/freertos.o
 .debug_macro   0x0000000000022bec      0x15a Core/Src/freertos.o
 .debug_macro   0x0000000000022d46       0xc9 Core/Src/freertos.o
 .debug_macro   0x0000000000022e0f       0x1c Core/Src/freertos.o
 .debug_macro   0x0000000000022e2b       0x26 Core/Src/freertos.o
 .debug_macro   0x0000000000022e51      0x4b0 Core/Src/freertos.o
 .debug_macro   0x0000000000023301       0xb5 Core/Src/freertos.o
 .debug_macro   0x00000000000233b6       0xaa Core/Src/freertos.o
 .debug_macro   0x0000000000023460       0x6c Core/Src/freertos.o
 .debug_macro   0x00000000000234cc       0x74 Core/Src/freertos.o
 .debug_macro   0x0000000000023540       0xdd Core/Src/freertos.o
 .debug_macro   0x000000000002361d      0x2db Core/Src/gpio.o
 .debug_macro   0x00000000000238f8      0x367 Core/Src/main.o
 .debug_macro   0x0000000000023c5f      0x137 Core/Src/main.o
 .debug_macro   0x0000000000023d96       0x66 Core/Src/main.o
 .debug_macro   0x0000000000023dfc      0x2d7 Core/Src/stm32f4xx_hal_msp.o
 .debug_macro   0x00000000000240d3      0x1ce Core/Src/stm32f4xx_hal_timebase_tim.o
 .debug_macro   0x00000000000242a1      0x2e1 Core/Src/stm32f4xx_it.o
 .debug_macro   0x0000000000024582      0x1d4 Core/Src/system_stm32f4xx.o
 .debug_macro   0x0000000000024756      0x22e Drivers/STM32F4xx_HAL_Driver/Src/stm32f4xx_hal.o
 .debug_macro   0x0000000000024984      0x1d6 Drivers/STM32F4xx_HAL_Driver/Src/stm32f4xx_hal_can.o
 .debug_macro   0x0000000000024b5a      0x1ce Drivers/STM32F4xx_HAL_Driver/Src/stm32f4xx_hal_cortex.o
 .debug_macro   0x0000000000024d28      0x204 Drivers/STM32F4xx_HAL_Driver/Src/stm32f4xx_hal_gpio.o
 .debug_macro   0x0000000000024f2c      0x1f2 Drivers/STM32F4xx_HAL_Driver/Src/stm32f4xx_hal_rcc.o
 .debug_macro   0x000000000002511e      0x1cf Drivers/STM32F4xx_HAL_Driver/Src/stm32f4xx_hal_tim.o
 .debug_macro   0x00000000000252ed      0x1ce Drivers/STM32F4xx_HAL_Driver/Src/stm32f4xx_hal_tim_ex.o
 .debug_macro   0x00000000000254bb      0x23a Middlewares/Third_Party/FreeRTOS/Source/CMSIS_RTOS_V2/cmsis_os2.o
 .debug_macro   0x00000000000256f5       0x10 Middlewares/Third_Party/FreeRTOS/Source/CMSIS_RTOS_V2/cmsis_os2.o
 .debug_macro   0x0000000000025705       0xd3 Middlewares/Third_Party/FreeRTOS/Source/CMSIS_RTOS_V2/cmsis_os2.o
 .debug_macro   0x00000000000257d8       0x91 Middlewares/Third_Party/FreeRTOS/Source/CMSIS_RTOS_V2/cmsis_os2.o
 .debug_macro   0x0000000000025869       0x8d Middlewares/Third_Party/FreeRTOS/Source/CMSIS_RTOS_V2/cmsis_os2.o
 .debug_macro   0x00000000000258f6       0x9a Middlewares/Third_Party/FreeRTOS/Source/CMSIS_RTOS_V2/cmsis_os2.o
 .debug_macro   0x0000000000025990      0x17a Middlewares/Third_Party/FreeRTOS/Source/list.o
 .debug_macro   0x0000000000025b0a      0x209 Middlewares/Third_Party/FreeRTOS/Source/queue.o
 .debug_macro   0x0000000000025d13       0x16 Middlewares/Third_Party/FreeRTOS/Source/queue.o
 .debug_macro   0x0000000000025d29       0x87 Middlewares/Third_Party/FreeRTOS/Source/queue.o
 .debug_macro   0x0000000000025db0      0x272 Middlewares/Third_Party/FreeRTOS/Source/tasks.o
 .debug_macro   0x0000000000026022       0x10 Middlewares/Third_Party/FreeRTOS/Source/tasks.o
 .debug_macro   0x0000000000026032      0x1cf Middlewares/Third_Party/FreeRTOS/Source/timers.o
 .debug_macro   0x0000000000026201       0x97 Middlewares/Third_Party/FreeRTOS/Source/timers.o
 .debug_macro   0x0000000000026298      0x196 Middlewares/Third_Party/FreeRTOS/Source/portable/GCC/ARM_CM4F/port.o
 .debug_macro   0x000000000002642e      0x1a1 Middlewares/Third_Party/FreeRTOS/Source/portable/MemMang/heap_4.o

.debug_line     0x0000000000000000    0x10f22
 .debug_line    0x0000000000000000      0x913 Core/BFFT/Source/BFFT_CAN.o
 .debug_line    0x0000000000000913      0x89b Core/BFFT/Source/BFFT_SystemStatusLED.o
 .debug_line    0x00000000000011ae      0x89c Core/Src/can.o
 .debug_line    0x0000000000001a4a      0xa2b Core/Src/freertos.o
 .debug_line    0x0000000000002475      0x868 Core/Src/gpio.o
 .debug_line    0x0000000000002cdd      0xa1b Core/Src/main.o
 .debug_line    0x00000000000036f8      0x86f Core/Src/stm32f4xx_hal_msp.o
 .debug_line    0x0000000000003f67      0x6f4 Core/Src/stm32f4xx_hal_timebase_tim.o
 .debug_line    0x000000000000465b      0x907 Core/Src/stm32f4xx_it.o
 .debug_line    0x0000000000004f62      0x6db Core/Src/system_stm32f4xx.o
 .debug_line    0x000000000000563d       0x85 Core/Startup/startup_stm32f429zitx.o
 .debug_line    0x00000000000056c2      0x8e9 Drivers/STM32F4xx_HAL_Driver/Src/stm32f4xx_hal.o
 .debug_line    0x0000000000005fab      0xb6e Drivers/STM32F4xx_HAL_Driver/Src/stm32f4xx_hal_can.o
 .debug_line    0x0000000000006b19      0x9e9 Drivers/STM32F4xx_HAL_Driver/Src/stm32f4xx_hal_cortex.o
 .debug_line    0x0000000000007502      0x8cc Drivers/STM32F4xx_HAL_Driver/Src/stm32f4xx_hal_gpio.o
 .debug_line    0x0000000000007dce      0x91d Drivers/STM32F4xx_HAL_Driver/Src/stm32f4xx_hal_rcc.o
 .debug_line    0x00000000000086eb     0x193e Drivers/STM32F4xx_HAL_Driver/Src/stm32f4xx_hal_tim.o
 .debug_line    0x000000000000a029      0xcdb Drivers/STM32F4xx_HAL_Driver/Src/stm32f4xx_hal_tim_ex.o
 .debug_line    0x000000000000ad04     0x1e31 Middlewares/Third_Party/FreeRTOS/Source/CMSIS_RTOS_V2/cmsis_os2.o
 .debug_line    0x000000000000cb35      0x66c Middlewares/Third_Party/FreeRTOS/Source/list.o
 .debug_line    0x000000000000d1a1     0x1101 Middlewares/Third_Party/FreeRTOS/Source/queue.o
 .debug_line    0x000000000000e2a2     0x140c Middlewares/Third_Party/FreeRTOS/Source/tasks.o
 .debug_line    0x000000000000f6ae      0xa7f Middlewares/Third_Party/FreeRTOS/Source/timers.o
 .debug_line    0x000000000001012d      0x6a3 Middlewares/Third_Party/FreeRTOS/Source/portable/GCC/ARM_CM4F/port.o
 .debug_line    0x00000000000107d0      0x752 Middlewares/Third_Party/FreeRTOS/Source/portable/MemMang/heap_4.o

.debug_str      0x0000000000000000    0xe1fdf
 .debug_str     0x0000000000000000    0xd48ce Core/BFFT/Source/BFFT_CAN.o
                                      0xd4c23 (size before relaxing)
 .debug_str     0x00000000000d48ce       0xbf Core/BFFT/Source/BFFT_SystemStatusLED.o
                                      0xd4a29 (size before relaxing)
 .debug_str     0x00000000000d498d      0x6aa Core/Src/can.o
                                      0xd507c (size before relaxing)
 .debug_str     0x00000000000d5037     0x4d23 Core/Src/freertos.o
                                      0xd96c2 (size before relaxing)
 .debug_str     0x00000000000d9d5a       0x20 Core/Src/gpio.o
                                      0xd4af5 (size before relaxing)
 .debug_str     0x00000000000d9d7a      0x52a Core/Src/main.o
                                      0xd97b5 (size before relaxing)
 .debug_str     0x00000000000da2a4       0x2c Core/Src/stm32f4xx_hal_msp.o
                                      0xd4fbb (size before relaxing)
 .debug_str     0x00000000000da2d0       0xaa Core/Src/stm32f4xx_hal_timebase_tim.o
                                      0xd21a8 (size before relaxing)
 .debug_str     0x00000000000da37a       0xbf Core/Src/stm32f4xx_it.o
                                      0xd4e1a (size before relaxing)
 .debug_str     0x00000000000da439       0xc4 Core/Src/system_stm32f4xx.o
                                      0xd17ce (size before relaxing)
 .debug_str     0x00000000000da4fd       0x36 Core/Startup/startup_stm32f429zitx.o
                                         0x5d (size before relaxing)
 .debug_str     0x00000000000da533      0x57d Drivers/STM32F4xx_HAL_Driver/Src/stm32f4xx_hal.o
                                      0xd233a (size before relaxing)
 .debug_str     0x00000000000daab0      0x47d Drivers/STM32F4xx_HAL_Driver/Src/stm32f4xx_hal_can.o
                                      0xd1eb2 (size before relaxing)
 .debug_str     0x00000000000daf2d      0x389 Drivers/STM32F4xx_HAL_Driver/Src/stm32f4xx_hal_cortex.o
                                      0xd20db (size before relaxing)
 .debug_str     0x00000000000db2b6      0x20c Drivers/STM32F4xx_HAL_Driver/Src/stm32f4xx_hal_gpio.o
                                      0xd1a0d (size before relaxing)
 .debug_str     0x00000000000db4c2      0x24f Drivers/STM32F4xx_HAL_Driver/Src/stm32f4xx_hal_rcc.o
                                      0xd1bbb (size before relaxing)
 .debug_str     0x00000000000db711      0xd6f Drivers/STM32F4xx_HAL_Driver/Src/stm32f4xx_hal_tim.o
                                      0xd28c7 (size before relaxing)
 .debug_str     0x00000000000dc480      0x4ec Drivers/STM32F4xx_HAL_Driver/Src/stm32f4xx_hal_tim_ex.o
                                      0xd20c7 (size before relaxing)
 .debug_str     0x00000000000dc96c     0x2876 Middlewares/Third_Party/FreeRTOS/Source/CMSIS_RTOS_V2/cmsis_os2.o
                                       0xe355 (size before relaxing)
 .debug_str     0x00000000000df1e2      0x219 Middlewares/Third_Party/FreeRTOS/Source/list.o
                                       0xa661 (size before relaxing)
 .debug_str     0x00000000000df3fb      0x925 Middlewares/Third_Party/FreeRTOS/Source/queue.o
                                       0xbfc0 (size before relaxing)
 .debug_str     0x00000000000dfd20     0x1269 Middlewares/Third_Party/FreeRTOS/Source/tasks.o
                                       0xcb0c (size before relaxing)
 .debug_str     0x00000000000e0f89      0x602 Middlewares/Third_Party/FreeRTOS/Source/timers.o
                                       0xc53d (size before relaxing)
 .debug_str     0x00000000000e158b      0x803 Middlewares/Third_Party/FreeRTOS/Source/portable/GCC/ARM_CM4F/port.o
                                       0x842a (size before relaxing)
 .debug_str     0x00000000000e1d8e      0x251 Middlewares/Third_Party/FreeRTOS/Source/portable/MemMang/heap_4.o
                                       0xae54 (size before relaxing)

.comment        0x0000000000000000       0x7b
 .comment       0x0000000000000000       0x7b Core/BFFT/Source/BFFT_CAN.o
                                         0x7c (size before relaxing)
 .comment       0x000000000000007b       0x7c Core/BFFT/Source/BFFT_SystemStatusLED.o
 .comment       0x000000000000007b       0x7c Core/Src/can.o
 .comment       0x000000000000007b       0x7c Core/Src/freertos.o
 .comment       0x000000000000007b       0x7c Core/Src/gpio.o
 .comment       0x000000000000007b       0x7c Core/Src/main.o
 .comment       0x000000000000007b       0x7c Core/Src/stm32f4xx_hal_msp.o
 .comment       0x000000000000007b       0x7c Core/Src/stm32f4xx_hal_timebase_tim.o
 .comment       0x000000000000007b       0x7c Core/Src/stm32f4xx_it.o
 .comment       0x000000000000007b       0x7c Core/Src/system_stm32f4xx.o
 .comment       0x000000000000007b       0x7c Drivers/STM32F4xx_HAL_Driver/Src/stm32f4xx_hal.o
 .comment       0x000000000000007b       0x7c Drivers/STM32F4xx_HAL_Driver/Src/stm32f4xx_hal_can.o
 .comment       0x000000000000007b       0x7c Drivers/STM32F4xx_HAL_Driver/Src/stm32f4xx_hal_cortex.o
 .comment       0x000000000000007b       0x7c Drivers/STM32F4xx_HAL_Driver/Src/stm32f4xx_hal_gpio.o
 .comment       0x000000000000007b       0x7c Drivers/STM32F4xx_HAL_Driver/Src/stm32f4xx_hal_rcc.o
 .comment       0x000000000000007b       0x7c Drivers/STM32F4xx_HAL_Driver/Src/stm32f4xx_hal_tim.o
 .comment       0x000000000000007b       0x7c Drivers/STM32F4xx_HAL_Driver/Src/stm32f4xx_hal_tim_ex.o
 .comment       0x000000000000007b       0x7c Middlewares/Third_Party/FreeRTOS/Source/CMSIS_RTOS_V2/cmsis_os2.o
 .comment       0x000000000000007b       0x7c Middlewares/Third_Party/FreeRTOS/Source/list.o
 .comment       0x000000000000007b       0x7c Middlewares/Third_Party/FreeRTOS/Source/queue.o
 .comment       0x000000000000007b       0x7c Middlewares/Third_Party/FreeRTOS/Source/tasks.o
 .comment       0x000000000000007b       0x7c Middlewares/Third_Party/FreeRTOS/Source/timers.o
 .comment       0x000000000000007b       0x7c Middlewares/Third_Party/FreeRTOS/Source/portable/GCC/ARM_CM4F/port.o
 .comment       0x000000000000007b       0x7c Middlewares/Third_Party/FreeRTOS/Source/portable/MemMang/heap_4.o

.debug_frame    0x0000000000000000     0x4d94
 .debug_frame   0x0000000000000000      0x108 Core/BFFT/Source/BFFT_CAN.o
 .debug_frame   0x0000000000000108       0x64 Core/BFFT/Source/BFFT_SystemStatusLED.o
 .debug_frame   0x000000000000016c       0x74 Core/Src/can.o
 .debug_frame   0x00000000000001e0       0xac Core/Src/freertos.o
 .debug_frame   0x000000000000028c       0x34 Core/Src/gpio.o
 .debug_frame   0x00000000000002c0       0x8c Core/Src/main.o
 .debug_frame   0x000000000000034c       0x34 Core/Src/stm32f4xx_hal_msp.o
 .debug_frame   0x0000000000000380       0x74 Core/Src/stm32f4xx_hal_timebase_tim.o
 .debug_frame   0x00000000000003f4       0xe0 Core/Src/stm32f4xx_it.o
 .debug_frame   0x00000000000004d4       0x58 Core/Src/system_stm32f4xx.o
 .debug_frame   0x000000000000052c      0x3b4 Drivers/STM32F4xx_HAL_Driver/Src/stm32f4xx_hal.o
 .debug_frame   0x00000000000008e0      0x5a0 Drivers/STM32F4xx_HAL_Driver/Src/stm32f4xx_hal_can.o
 .debug_frame   0x0000000000000e80      0x498 Drivers/STM32F4xx_HAL_Driver/Src/stm32f4xx_hal_cortex.o
 .debug_frame   0x0000000000001318      0x14c Drivers/STM32F4xx_HAL_Driver/Src/stm32f4xx_hal_gpio.o
 .debug_frame   0x0000000000001464      0x1f0 Drivers/STM32F4xx_HAL_Driver/Src/stm32f4xx_hal_rcc.o
 .debug_frame   0x0000000000001654     0x10f0 Drivers/STM32F4xx_HAL_Driver/Src/stm32f4xx_hal_tim.o
 .debug_frame   0x0000000000002744      0x5c0 Drivers/STM32F4xx_HAL_Driver/Src/stm32f4xx_hal_tim_ex.o
 .debug_frame   0x0000000000002d04      0x998 Middlewares/Third_Party/FreeRTOS/Source/CMSIS_RTOS_V2/cmsis_os2.o
 .debug_frame   0x000000000000369c       0xd8 Middlewares/Third_Party/FreeRTOS/Source/list.o
 .debug_frame   0x0000000000003774      0x5ec Middlewares/Third_Party/FreeRTOS/Source/queue.o